******************************************************************************
              TMS320C55x Linker PC v4.4.1                      
******************************************************************************
>> Linked Thu Mar 29 11:32:29 2018

OUTPUT FILE NAME:   <EQ.out>
ENTRY POINT SYMBOL: "_c_int00"  address: 00028491


MEMORY CONFIGURATION

         name            origin    length      used     unused   attr    fill
                        (bytes)   (bytes)    (bytes)   (bytes)
----------------------  --------  ---------  --------  --------  ----  --------
PAGE 0:
  MMR                   00000000   000000c0  00000000  000000c0  RWIX
  DARAM0                000000c0   0000ff40  00006b04  0000943c  RWIX
  SARAM0                00010000   00010000  00000000  00010000  RWIX
  SARAM1                00020000   00020000  000085b3  00017a4d  RWIX
  SARAM2                00040000   0000fe00  00000378  0000fa88  RWIX
  VECS                  0004fe00   00000200  00000200  00000000  RWIX
  PDROM                 00ff8000   00008000  00000000  00008000  R IX

PAGE 2:
  IOPORT                00000000   00020000  00000000  00020000  RWI 


SECTION ALLOCATION MAP
(Addresses surrounded by []'s are displayed for convenience only!)

output                                                          attributes/
section   page  orgn(bytes) orgn(words) len(bytes) len(words)   input sections
--------  ----  ----------- ----------- ---------- ----------   --------------
.pinit       0   [ 00040000 ]  00020000          *   00000000   UNINITIALIZED

.stack       0   [ 000000c0 ]  00000060          *   00001000   UNINITIALIZED
                 [ 000000c0 ]  00000060          *   00001000   --HOLE--

.data        0   [ 000000c0 ]  00000060          *   00000000   UNINITIALIZED

.sysstack 
*            0   [ 000020c0 ]  00001060          *   00000800   UNINITIALIZED
                 [ 000020c0 ]  00001060          *   00000800   --HOLE--

.sysmem      0   [ 000030c0 ]  00001860          *   00001000   UNINITIALIZED
                 [ 000030c0 ]  00001860          *   00001000   --HOLE--

.bss.1       0   [ 000050c0 ]  00002860          *   00000a15   UNINITIALIZED
                 [ 000050c0 ]  00002860          *   00000408   ezdsp5535_aic3204_dma.obj (.bss)
                 [ 000058d0 ]  00002c68          *   00000304   main.obj (.bss)
                 [ 00005ed8 ]  00002f6c          *   00000119   rts55x.lib : defs.obj (.bss)
                 [ 0000610a ]  00003085          *   000000d0              : trgdrv.obj (.bss)
                 [ 000062aa ]  00003155          *   00000001              : fopen.obj (.bss)
                 [ 000062ac ]  00003156          *   00000084   cslVC5505.lib : csl_intc.obj (.bss)
                 [ 000063b4 ]  000031da          *   00000071   rts55x.lib : lowlev.obj (.bss)
                 [ 00006496 ]  0000324b          *   0000002a   cslVC5505.lib : csl_i2s.obj (.bss)

.bss.2       0   [ 000064ec ]  00003276          *   00000030   UNINITIALIZED
                 [ 000064ec ]  00003276          *   00000012   cslVC5505.lib : csl_i2c.obj (.bss)
                 [ 00006510 ]  00003288          *   00000008   ezdsp5535bsl.lib : ezdsp5535_sar.obj (.bss)
                 [ 00006520 ]  00003290          *   00000006   rts55x.lib : memory.obj (.bss)
                 [ 0000652c ]  00003296          *   00000004   ezdsp5535bsl.lib : ezdsp5535_gpio.obj (.bss)
                 [ 00006534 ]  0000329a          *   00000004   rts55x.lib : _lock.obj (.bss)
                 [ 0000653c ]  0000329e          *   00000004              : exit.obj (.bss)
                 [ 00006544 ]  000032a2          *   00000002   aic3204.obj (.bss)
                 [ 00006548 ]  000032a4          *   00000002   ezdsp5535bsl.lib : ezdsp5535_i2s.obj (.bss)

.const.1     0   [ 0000654c ]  000032a6          *   00000319   
                 [ 0000654c ]  000032a6          *   00000174   aic3204_init.obj (.const:.string)
                 [ 00006834 ]  0000341a          *   00000101   rts55x.lib : ctype.obj (.const:__ctypes_)
                 [ 00006a36 ]  0000351b          *   00000060   print_number.obj (.const:_consolas_8ptBitmaps)
                 [ 00006af6 ]  0000357b          *   00000001   print_number.obj (.const)
                 [ 00006af8 ]  0000357c          *   00000024   rts55x.lib : _printfi.obj (.const:.string)
                 [ 00006b40 ]  000035a0          *   0000001f   main.obj (.const:.string)

.const.2     0   [ 00006b80 ]  000035c0          *   00000024   
                 [ 00006b80 ]  000035c0          *   0000000c   rts55x.lib : _printfi.obj (.const)
                 [ 00006b98 ]  000035cc          *   0000000a   processing.obj (.const)
                 [ 00006bac ]  000035d6          *   00000008   rts55x.lib : divd.obj (.const:_initial_approx$1)
                 [ 00006bbc ]  000035de          *   00000002              : fputs.obj (.const:.string)
                 [ 00006bc0 ]  000035e0          *   00000002   main.obj (.const)
                 [ 00006bc4 ]  000035e2          *   00000002   rts55x.lib : fltlid.obj (.const)

.text        0     00020000  [ 00010000 ] 000085b3          *   
                   00020000  [ 00010000 ] 000015a4          *   rts55x.lib : _printfi.obj (.text)
                   000215a4  [ 00010ad2 ] 00000c3c          *   cslVC5505.lib : csl_i2c.obj (.text)
                   000221e0  [ 000110f0 ] 00000b18          *                 : csl_sar.obj (.text)
                   00022cf8  [ 0001167c ] 000009f3          *                 : csl_i2s.obj (.text)
                   000236eb  [ 00011b75+] 0000068d          *                 : csl_gpio.obj (.text)
                   00023d78  [ 00011ebc ] 000005b5          *   aic3204_init.obj (.text)
                   0002432d  [ 00012196+] 00000554          *   cslVC5505.lib : csl_intc.obj (.text)
                   00024881  [ 00012440+] 00000543          *   rts55x.lib : lowlev.obj (.text)
                   00024dc4  [ 000126e2 ] 00000528          *              : trgdrv.obj (.text)
                   000252ec  [ 00012976 ] 000004b5          *              : memory.obj (.text)
                   000257a1  [ 00012bd0+] 000003cc          *              : divd.obj (.text)
                   00025b6d  [ 00012db6+] 0000031b          *   ezdsp5535_aic3204_dma.obj (.text)
                   00025e88  [ 00012f44 ] 000002d2          *   print_number.obj (.text)
                   0002615a  [ 000130ad ] 0000027f          *   rts55x.lib : fopen.obj (.text)
                   000263d9  [ 000131ec+] 0000025e          *              : llmpy.obj (.text)
                   00026637  [ 0001331b+] 0000025a          *              : addd.obj (.text)
                   00026891  [ 00013448+] 00000256          *   processing.obj (.text)
                   00026ae7  [ 00013573+] 000001ea          *   rts55x.lib : cmpd.obj (.text)
                   00026cd1  [ 00013668+] 00000192          *   ezdsp5535bsl.lib : ezdsp5535_lcd.obj (.text)
                   00026e63  [ 00013731+] 0000017a          *                    : ezdsp5535_sar.obj (.text)
                   00026fdd  [ 000137ee+] 00000163          *   rts55x.lib : fputs.obj (.text)
                   00027140  [ 000138a0 ] 0000014c          *              : mpyd.obj (.text)
                   0002728c  [ 00013946 ] 00000120          *   iir.obj (.text)
                   000273ac  [ 000139d6 ] 00000112          *   main.obj (.text)
                   000274be  [ 00013a5f ] 00000107          *   ezdsp5535bsl.lib : ezdsp5535_i2s.obj (.text)
                   000275c5  [ 00013ae2+] 000000e6          *   rts55x.lib : setvbuf.obj (.text)
                   000276ab  [ 00013b55+] 000000dd          *              : _io_perm.obj (.text)
                   00027788  [ 00013bc4 ] 000000cc          *   ezdsp5535_aic3204_dma.obj (.text:retain)
                   00027854  [ 00013c2a ] 000000c3          *   aic3204.obj (.text)
                   00027917  [ 00013c8b+] 000000c2          *   rts55x.lib : fflush.obj (.text)
                   000279d9  [ 00013cec+] 000000ba          *              : trgmsg.obj (.text:CIO_breakpoint)
                   00027a93  [ 00013d49+] 000000a6          *              : fputc.obj (.text)
                   00027b39  [ 00013d9c+] 000000a1          *              : divul.obj (.text)
                   00027bda  [ 00013ded ] 0000008e          *   ezdsp5535bsl.lib : ezdsp5535_i2c.obj (.text)
                   00027c68  [ 00013e34 ] 0000008c          *   cslVC5505.lib : csl_irqplug.obj (.text)
                   00027cf4  [ 00013e7a ] 00000087          *   ezdsp5535bsl.lib : ezdsp5535_gpio.obj (.text)
                   00027d7b  [ 00013ebd+] 0000007d          *   rts55x.lib : ltoa.obj (.text)
                   00027df8  [ 00013efc ] 0000007b          *              : fclose.obj (.text)
                   00027e73  [ 00013f39+] 00000076          *              : frcmpyd.obj (.text)
                   00027ee9  [ 00013f74+] 00000073          *              : frcmpyd_div.obj (.text)
                   00027f5c  [ 00013fae ] 00000072          *              : remul.obj (.text)
                   00027fce  [ 00013fe7 ] 0000006f          *              : fixdli.obj (.text)
                   0002803d  [ 0001401e+] 0000006d          *   cslVC5505.lib : vectors.obj (.text)
                   000280aa  [ 00014055 ] 0000006d          *   rts55x.lib : trgmsg.obj (.text)
                   00028117  [ 0001408b+] 0000006b          *              : fseek.obj (.text)
                   00028182  [ 000140c1 ] 00000067          *              : fltlid.obj (.text)
                   000281e9  [ 000140f4+] 0000005c          *              : atoi.obj (.text)
                   00028245  [ 00014122+] 00000054          *   ezdsp5535bsl.lib : ezdsp5535.obj (.text)
                   00028299  [ 0001414c+] 00000050          *   rts55x.lib : printf.obj (.text)
                   000282e9  [ 00014174+] 0000004d          *              : autoinit.obj (.text)
                   00028336  [ 0001419b ] 0000004b          *              : args_main.obj (.text)
                   00028381  [ 000141c0+] 0000004b          *              : remli.obj (.text)
                   000283cc  [ 000141e6 ] 00000048          *              : divli.obj (.text)
                   00028414  [ 0001420a ] 0000003f          *              : memcpy.obj (.text)
                   00028453  [ 00014229+] 0000003e          *              : exit.obj (.text)
                   00028491  [ 00014248+] 00000034          *              : boot.obj (.text)
                   000284c5  [ 00014262+] 0000002a          *              : fixdi.obj (.text)
                   000284ef  [ 00014277+] 0000002a          *              : udiv.obj (.text)
                   00028519  [ 0001428c+] 00000023          *              : memccpy.obj (.text)
                   0002853c  [ 0001429e ] 0000001a          *              : isinf.obj (.text)
                   00028556  [ 000142ab ] 00000014          *              : subd.obj (.text)
                   0002856a  [ 000142b5 ] 00000013          *              : lmpy.obj (.text)
                   0002857d  [ 000142be+] 00000012          *              : _lock.obj (.text)
                   0002858f  [ 000142c7+] 00000010          *              : negd.obj (.text)
                   0002859f  [ 000142cf+] 0000000a          *              : remove.obj (.text)
                   000285a9  [ 000142d4+] 00000007          *              : exit.obj (.text:CIO_breakpoint)
                   000285b0  [ 000142d8 ] 00000002          *              : vectors.obj (.text)
                   000285b2  [ 000142d9 ] 00000001          *   --HOLE-- [fill = 20]

.cio         0   [ 00040000 ]  00020000          *   00000120   UNINITIALIZED
                 [ 00040000 ]  00020000          *   00000120   rts55x.lib : trgmsg.obj (.cio)

.cinit       0   [ 00040240 ]  00020120          *   00000088   
                 [ 00040240 ]  00020120          *   0000002d   rts55x.lib : lowlev.obj (.cinit)
                 [ 0004029a ]  0002014d          *   0000002a              : defs.obj (.cinit)
                 [ 000402ee ]  00020177          *   0000000c   ezdsp5535bsl.lib : ezdsp5535_sar.obj (.cinit)
                 [ 00040306 ]  00020183          *   0000000a   rts55x.lib : _lock.obj (.cinit)
                 [ 0004031a ]  0002018d          *   0000000a              : exit.obj (.cinit)
                 [ 0004032e ]  00020197          *   00000008   cslVC5505.lib : csl_i2s.obj (.cinit)
                 [ 0004033e ]  0002019f          *   00000004   rts55x.lib : fopen.obj (.cinit)
                 [ 00040346 ]  000201a3          *   00000004              : memory.obj (.cinit)
                 [ 0004034e ]  000201a7          *   00000001   --HOLE-- [fill = 0]

.switch      0   [ 00040350 ]  000201a8          *   00000014   
                 [ 00040350 ]  000201a8          *   00000014   print_number.obj (.switch:_printChar)

vectors      0     0004fe00  [ 00027f00 ] 00000200          *   
                   0004fe00  [ 00027f00 ] 00000100          *   cslVC5505.lib : vectors.obj (vectors)
                   0004ff00  [ 00027f80 ] 00000100          *   rts55x.lib : vectors.obj (vectors)


GLOBAL SYMBOLS: SORTED ALPHABETICALLY BY Name 

abs. value/
byte addr   word addr   name
---------   ---------   ----
00000002                $TI_capability$C5500$CallingConvention
00000002                $TI_capability$C5500$MemoryModel
00000001                $TI_capability_requires_rev3
ffffffff                .bss
ffffffff                .data
ffffffff                .text
000285aa                C$$EXIT
00027a8e                C$$IO$$
0002856a                I$$LMPY
000284ef                I$$UDIV
00028504                I$$UMOD
0004fe00                RST
00027854                _AIC3204_rget
0002789f                _AIC3204_rset
            00002868    _DMA_InputL
            00002968    _DMA_InputR
            00002a68    _DMA_OutputL
            00002b68    _DMA_OutputR
00027d5d                _EZDSP5535_GPIO_getInput
00027cf4                _EZDSP5535_GPIO_init
00027d1f                _EZDSP5535_GPIO_setDirection
00027d43                _EZDSP5535_GPIO_setOutput
00027bda                _EZDSP5535_I2C_init
00027c40                _EZDSP5535_I2C_read
00027c0f                _EZDSP5535_I2C_reset
00027c1a                _EZDSP5535_I2C_write
000275b3                _EZDSP5535_I2S_close
000274be                _EZDSP5535_I2S_init
00027517                _EZDSP5535_I2S_readLeft
00027576                _EZDSP5535_I2S_readRight
00027549                _EZDSP5535_I2S_writeLeft
00027597                _EZDSP5535_I2S_writeRight
00026d44                _EZDSP5535_OSD9616_init
00026cf9                _EZDSP5535_OSD9616_multiSend
00026e26                _EZDSP5535_OSD9616_printLetter
00026cd1                _EZDSP5535_OSD9616_send
00026f29                _EZDSP5535_SAR_getKey
00026e63                _EZDSP5535_SAR_init
0002828b                _EZDSP5535_init
00028245                _EZDSP5535_wait
00028279                _EZDSP5535_waitusec
00023bd6                _GPIO_clearInt
0002372f                _GPIO_close
00023753                _GPIO_config
00023986                _GPIO_configBit
00023ace                _GPIO_disableInt
00023b4c                _GPIO_enableInt
000237d8                _GPIO_getConfig
000236eb                _GPIO_open
00023860                _GPIO_read
00023ce9                _GPIO_reset
00023c62                _GPIO_statusBit
000238e3                _GPIO_write
            00003296    _GpioObj
0002528e                _HOSTclock
00025223                _HOSTclose
0002516e                _HOSTlseek
000250cf                _HOSTopen
00025042                _HOSTread
00024f94                _HOSTrename
00024f36                _HOSTtime
00024ecc                _HOSTunlink
00024e3f                _HOSTwrite
0002164d                _I2C_config
00022018                _I2C_eventDisable
00021ee4                _I2C_eventEnable
000217b2                _I2C_getConfig
000221c4                _I2C_getEventId
000215a4                _I2C_init
00021cc6                _I2C_read
00022137                _I2C_setCallback
00021888                _I2C_setup
00021a82                _I2C_write
0002312d                _I2S_close
00022cf8                _I2S_open
000231df                _I2S_read
000235ef                _I2S_reset
00022e3f                _I2S_setup
000236a0                _I2S_transEnable
00023499                _I2S_write
000243c7                _IRQ_clear
00024431                _IRQ_clearAll
00024441                _IRQ_config
00024567                _IRQ_disable
000245e5                _IRQ_disableAll
000245f3                _IRQ_enable
000246ed                _IRQ_getArg
000244d4                _IRQ_getConfig
0002483b                _IRQ_globalDisable
00024854                _IRQ_globalEnable
0002486d                _IRQ_globalRestore
0002432d                _IRQ_init
00024766                _IRQ_map
00027c68                _IRQ_plug
0002467d                _IRQ_restore
00024733                _IRQ_setArg
00024798                _IRQ_setVecs
000247c9                _IRQ_test
0004ff00                _Reset
00022763                _SAR_A2DMeasParamSet
00022bdd                _SAR_GPODirSet
000222da                _SAR_chanClose
0002235e                _SAR_chanConfig
0002265a                _SAR_chanCycSet
0002225d                _SAR_chanInit
00022278                _SAR_chanOpen
00022446                _SAR_chanSetup
0002223d                _SAR_deInit
000223d4                _SAR_getConfig
00022cb9                _SAR_getStatus
000221e0                _SAR_init
00022722                _SAR_readData
000226a9                _SAR_startConversion
000226db                _SAR_stopConversion
            0000328c    _SarHandle
            00003288    _SarObj
0004fe00                _VECSTART
            00020000    __CIOBUF_
000242d4                __I2S_init
            00001060    __STACK_END
00002000                __STACK_SIZE
00002000                __SYSMEM_SIZE
00001000                __SYSSTACK_SIZE
00000001                __TI_args_main
ffffffff                ___binit__
ffffffff                ___bss__
ffffffff                ___c_args__
            00020120    ___cinit__
ffffffff                ___data__
ffffffff                ___edata__
ffffffff                ___end__
ffffffff                ___etext__
0002853c                ___isinf
ffffffff                ___pinit__
ffffffff                ___text__
00026637                __addd
00028336                __args_main
0002627b                __cleanup
            0000329e    __cleanup_ptr
00026c79                __cmpd
            0000341a    __ctypes_
000257a1                __divd
000283cc                __divli
00026602                __divlli
000284ef                __divu
00027b39                __divul
0002650e                __divull
00027917                __doflush
            000032a0    __dtors_ptr
00026c45                __eqld
000284c5                __fixdi
00027fce                __fixdli
00028182                __fltlid
00027e73                __frcmpyd
00027ee9                __frcmpyd_div
            00003084    __ft_end
            00002f6c    __ftable
00026bfb                __geqd
00026bb0                __gtrd
00026b63                __leqd
            0000329a    __lock
00026b1b                __lssd
00027140                __mpyd
0002856a                __mpyli
00026456                __mpylli
0002858f                __negd
00026ae7                __neqd
0002858d                __nop
00021362                __printfi
0002772b                __rd_ok
00028585                __register_lock
0002857d                __register_unlock
00028381                __remli
00026427                __remlli
00028504                __remu
00027f5c                __remul
000263d9                __remull
            00000060    __stack
00028556                __subd
            00001860    __sys_memory
            00001060    __sysstack
            00002fe4    __tmpnams
            0000329c    __unlock
000276ab                __wrt_ok
000285a9                _abort
00024cd4                _add_device
000278ec                _aic3204_codec_read
00027903                _aic3204_codec_write
000278db                _aic3204_disable
00025b6d                _aic3204_dma_init
000278c9                _aic3204_hardware_init
00023d78                _aic3204_init
00025cf8                _aic3204_read_block
00025dad                _aic3204_write_block
000281e9                _atoi
000282e9                _auto_init
            00002eec    _buffer
00028491                _c_int00
000268fe                _calculatePeekCoeff
00026891                _calculateShelvingCoeff
0002577b                _calloc
00025773                _chkheap
00025f26                _clearLCD
00024c61                _close
            0000351b    _consolas_8ptBitmaps
            000032a2    _counter1
            000032a3    _counter2
            00002d68    _dirak
00028453                _exit
00027df8                _fclose
00027980                _fflush
00024c58                _find_registered_device
0002728c                _first_order_IIR
0002639e                _fopen
00027a93                _fputc
00026fdd                _fputs
000252ec                _free
0002571d                _free_memory
000262d5                _freopen
            00003273    _fsError
00028117                _fseek
            00003276    _gI2cObj
00024dc4                _getenv
            00003298    _hGpio
            000032a4    _hI2s
            00003286    _i2cHandle
00025e88                _initPrintNumber
            0000328e    _keyCnt1
            0000328f    _keyCnt2
00024bf2                _lseek
00027d7b                _ltoa
000273ac                _main
0002541d                _malloc
000256c3                _max_free
00028519                _memccpy
00028414                _memcpy
000253b8                _minit
00024b33                _open
            00003274    _ouError
            00002de8    _output
            0000328b    _preKey
00025ff4                _printChar
00028299                _printf
00027a93                _putc
00027b2a                _putchar
00027112                _puts
00024a85                _read
000280aa                _readmsg
00025512                _realloc
0002859f                _remove
00024a4f                _remove_device
000249f6                _rename
            00002c68    _sampleBufferL
            00002ce8    _sampleBufferR
000272f3                _second_order_IIR
00025fd2                _setWritePointerToFirstChar
00023f69                _set_sampling_frequency_and_gain
000275c5                _setvbuf
000269ac                _shelvingHP
00026a15                _shelvingLP
00026a7e                _shelvingPeek
            0000357b    _sign_width
000249c3                _unlink
00024881                _write
000279d9                _writemsg
            00002dec    _x_history
            00002e6c    _y_history
ffffffff                binit
            00020120    cinit
ffffffff                edata
ffffffff                end
ffffffff                etext
ffffffff                pinit


GLOBAL SYMBOLS: SORTED BY Symbol Address 

abs. value/
byte addr   word addr   name
---------   ---------   ----
00000001                $TI_capability_requires_rev3
00000001                __TI_args_main
00000002                $TI_capability$C5500$CallingConvention
00000002                $TI_capability$C5500$MemoryModel
            00000060    __stack
00001000                __SYSSTACK_SIZE
00002000                __STACK_SIZE
00002000                __SYSMEM_SIZE
            00001060    __STACK_END
            00001060    __sysstack
            00001860    __sys_memory
            00002868    _DMA_InputL
            00002968    _DMA_InputR
            00002a68    _DMA_OutputL
            00002b68    _DMA_OutputR
            00002c68    _sampleBufferL
            00002ce8    _sampleBufferR
            00002d68    _dirak
            00002de8    _output
            00002dec    _x_history
            00002e6c    _y_history
            00002eec    _buffer
            00002f6c    __ftable
            00002fe4    __tmpnams
            00003084    __ft_end
            00003273    _fsError
            00003274    _ouError
            00003276    _gI2cObj
            00003286    _i2cHandle
            00003288    _SarObj
            0000328b    _preKey
            0000328c    _SarHandle
            0000328e    _keyCnt1
            0000328f    _keyCnt2
            00003296    _GpioObj
            00003298    _hGpio
            0000329a    __lock
            0000329c    __unlock
            0000329e    __cleanup_ptr
            000032a0    __dtors_ptr
            000032a2    _counter1
            000032a3    _counter2
            000032a4    _hI2s
            0000341a    __ctypes_
            0000351b    _consolas_8ptBitmaps
            0000357b    _sign_width
00021362                __printfi
000215a4                _I2C_init
0002164d                _I2C_config
000217b2                _I2C_getConfig
00021888                _I2C_setup
00021a82                _I2C_write
00021cc6                _I2C_read
00021ee4                _I2C_eventEnable
00022018                _I2C_eventDisable
00022137                _I2C_setCallback
000221c4                _I2C_getEventId
000221e0                _SAR_init
0002223d                _SAR_deInit
0002225d                _SAR_chanInit
00022278                _SAR_chanOpen
000222da                _SAR_chanClose
0002235e                _SAR_chanConfig
000223d4                _SAR_getConfig
00022446                _SAR_chanSetup
0002265a                _SAR_chanCycSet
000226a9                _SAR_startConversion
000226db                _SAR_stopConversion
00022722                _SAR_readData
00022763                _SAR_A2DMeasParamSet
00022bdd                _SAR_GPODirSet
00022cb9                _SAR_getStatus
00022cf8                _I2S_open
00022e3f                _I2S_setup
0002312d                _I2S_close
000231df                _I2S_read
00023499                _I2S_write
000235ef                _I2S_reset
000236a0                _I2S_transEnable
000236eb                _GPIO_open
0002372f                _GPIO_close
00023753                _GPIO_config
000237d8                _GPIO_getConfig
00023860                _GPIO_read
000238e3                _GPIO_write
00023986                _GPIO_configBit
00023ace                _GPIO_disableInt
00023b4c                _GPIO_enableInt
00023bd6                _GPIO_clearInt
00023c62                _GPIO_statusBit
00023ce9                _GPIO_reset
00023d78                _aic3204_init
00023f69                _set_sampling_frequency_and_gain
000242d4                __I2S_init
0002432d                _IRQ_init
000243c7                _IRQ_clear
00024431                _IRQ_clearAll
00024441                _IRQ_config
000244d4                _IRQ_getConfig
00024567                _IRQ_disable
000245e5                _IRQ_disableAll
000245f3                _IRQ_enable
0002467d                _IRQ_restore
000246ed                _IRQ_getArg
00024733                _IRQ_setArg
00024766                _IRQ_map
00024798                _IRQ_setVecs
000247c9                _IRQ_test
0002483b                _IRQ_globalDisable
00024854                _IRQ_globalEnable
0002486d                _IRQ_globalRestore
00024881                _write
000249c3                _unlink
000249f6                _rename
00024a4f                _remove_device
00024a85                _read
00024b33                _open
00024bf2                _lseek
00024c58                _find_registered_device
00024c61                _close
00024cd4                _add_device
00024dc4                _getenv
00024e3f                _HOSTwrite
00024ecc                _HOSTunlink
00024f36                _HOSTtime
00024f94                _HOSTrename
00025042                _HOSTread
000250cf                _HOSTopen
0002516e                _HOSTlseek
00025223                _HOSTclose
0002528e                _HOSTclock
000252ec                _free
000253b8                _minit
0002541d                _malloc
00025512                _realloc
000256c3                _max_free
0002571d                _free_memory
00025773                _chkheap
0002577b                _calloc
000257a1                __divd
00025b6d                _aic3204_dma_init
00025cf8                _aic3204_read_block
00025dad                _aic3204_write_block
00025e88                _initPrintNumber
00025f26                _clearLCD
00025fd2                _setWritePointerToFirstChar
00025ff4                _printChar
0002627b                __cleanup
000262d5                _freopen
0002639e                _fopen
000263d9                __remull
00026427                __remlli
00026456                __mpylli
0002650e                __divull
00026602                __divlli
00026637                __addd
00026891                _calculateShelvingCoeff
000268fe                _calculatePeekCoeff
000269ac                _shelvingHP
00026a15                _shelvingLP
00026a7e                _shelvingPeek
00026ae7                __neqd
00026b1b                __lssd
00026b63                __leqd
00026bb0                __gtrd
00026bfb                __geqd
00026c45                __eqld
00026c79                __cmpd
00026cd1                _EZDSP5535_OSD9616_send
00026cf9                _EZDSP5535_OSD9616_multiSend
00026d44                _EZDSP5535_OSD9616_init
00026e26                _EZDSP5535_OSD9616_printLetter
00026e63                _EZDSP5535_SAR_init
00026f29                _EZDSP5535_SAR_getKey
00026fdd                _fputs
00027112                _puts
00027140                __mpyd
0002728c                _first_order_IIR
000272f3                _second_order_IIR
000273ac                _main
000274be                _EZDSP5535_I2S_init
00027517                _EZDSP5535_I2S_readLeft
00027549                _EZDSP5535_I2S_writeLeft
00027576                _EZDSP5535_I2S_readRight
00027597                _EZDSP5535_I2S_writeRight
000275b3                _EZDSP5535_I2S_close
000275c5                _setvbuf
000276ab                __wrt_ok
0002772b                __rd_ok
00027854                _AIC3204_rget
0002789f                _AIC3204_rset
000278c9                _aic3204_hardware_init
000278db                _aic3204_disable
000278ec                _aic3204_codec_read
00027903                _aic3204_codec_write
00027917                __doflush
00027980                _fflush
000279d9                _writemsg
00027a8e                C$$IO$$
00027a93                _fputc
00027a93                _putc
00027b2a                _putchar
00027b39                __divul
00027bda                _EZDSP5535_I2C_init
00027c0f                _EZDSP5535_I2C_reset
00027c1a                _EZDSP5535_I2C_write
00027c40                _EZDSP5535_I2C_read
00027c68                _IRQ_plug
00027cf4                _EZDSP5535_GPIO_init
00027d1f                _EZDSP5535_GPIO_setDirection
00027d43                _EZDSP5535_GPIO_setOutput
00027d5d                _EZDSP5535_GPIO_getInput
00027d7b                _ltoa
00027df8                _fclose
00027e73                __frcmpyd
00027ee9                __frcmpyd_div
00027f5c                __remul
00027fce                __fixdli
000280aa                _readmsg
00028117                _fseek
00028182                __fltlid
000281e9                _atoi
00028245                _EZDSP5535_wait
00028279                _EZDSP5535_waitusec
0002828b                _EZDSP5535_init
00028299                _printf
000282e9                _auto_init
00028336                __args_main
00028381                __remli
000283cc                __divli
00028414                _memcpy
00028453                _exit
00028491                _c_int00
000284c5                __fixdi
000284ef                I$$UDIV
000284ef                __divu
00028504                I$$UMOD
00028504                __remu
00028519                _memccpy
0002853c                ___isinf
00028556                __subd
0002856a                I$$LMPY
0002856a                __mpyli
0002857d                __register_unlock
00028585                __register_lock
0002858d                __nop
0002858f                __negd
0002859f                _remove
000285a9                _abort
000285aa                C$$EXIT
            00020000    __CIOBUF_
            00020120    ___cinit__
            00020120    cinit
0004fe00                RST
0004fe00                _VECSTART
0004ff00                _Reset
ffffffff                .bss
ffffffff                .data
ffffffff                .text
ffffffff                ___binit__
ffffffff                ___bss__
ffffffff                ___c_args__
ffffffff                ___data__
ffffffff                ___edata__
ffffffff                ___end__
ffffffff                ___etext__
ffffffff                ___pinit__
ffffffff                ___text__
ffffffff                binit
ffffffff                edata
ffffffff                end
ffffffff                etext
ffffffff                pinit

[273 symbols]
