******************************************************************************
              TMS320C55x Linker PC v4.4.1                      
******************************************************************************
>> Linked Mon Apr 02 13:51:55 2018

OUTPUT FILE NAME:   <EQ.out>
ENTRY POINT SYMBOL: "_c_int00"  address: 0002871e


MEMORY CONFIGURATION

         name            origin    length      used     unused   attr    fill
                        (bytes)   (bytes)    (bytes)   (bytes)
----------------------  --------  ---------  --------  --------  ----  --------
PAGE 0:
  MMR                   00000000   000000c0  00000000  000000c0  RWIX
  DARAM0                000000c0   0000ff40  00006a98  000094a8  RWIX
  SARAM0                00010000   00010000  00000000  00010000  RWIX
  SARAM1                00020000   00020000  00008840  000177c0  RWIX
  SARAM2                00040000   0000fe00  00000468  0000f998  RWIX
  VECS                  0004fe00   00000200  00000200  00000000  RWIX
  PDROM                 00ff8000   00008000  00000000  00008000  R IX

PAGE 2:
  IOPORT                00000000   00020000  00000000  00020000  RWI 


SECTION ALLOCATION MAP
(Addresses surrounded by []'s are displayed for convenience only!)

output                                                          attributes/
section   page  orgn(bytes) orgn(words) len(bytes) len(words)   input sections
--------  ----  ----------- ----------- ---------- ----------   --------------
.pinit       0   [ 00040000 ]  00020000          *   00000000   UNINITIALIZED

.stack       0   [ 000000c0 ]  00000060          *   00001000   UNINITIALIZED
                 [ 000000c0 ]  00000060          *   00001000   --HOLE--

.data        0   [ 000000c0 ]  00000060          *   00000000   UNINITIALIZED

.sysstack 
*            0   [ 000020c0 ]  00001060          *   00000800   UNINITIALIZED
                 [ 000020c0 ]  00001060          *   00000800   --HOLE--

.sysmem      0   [ 000030c0 ]  00001860          *   00001000   UNINITIALIZED
                 [ 000030c0 ]  00001860          *   00001000   --HOLE--

.bss.1       0   [ 000050c0 ]  00002860          *   000009e1   UNINITIALIZED
                 [ 000050c0 ]  00002860          *   00000408   ezdsp5535_aic3204_dma.obj (.bss)
                 [ 000058d0 ]  00002c68          *   000002d0   main.obj (.bss)
                 [ 00005e70 ]  00002f38          *   00000119   rts55x.lib : defs.obj (.bss)
                 [ 000060a2 ]  00003051          *   000000d0              : trgdrv.obj (.bss)
                 [ 00006242 ]  00003121          *   00000001              : fopen.obj (.bss)
                 [ 00006244 ]  00003122          *   00000084   cslVC5505.lib : csl_intc.obj (.bss)
                 [ 0000634c ]  000031a6          *   00000071   rts55x.lib : lowlev.obj (.bss)
                 [ 0000642e ]  00003217          *   0000002a   cslVC5505.lib : csl_i2s.obj (.bss)

.bss.2       0   [ 00006484 ]  00003242          *   00000030   UNINITIALIZED
                 [ 00006484 ]  00003242          *   00000012   cslVC5505.lib : csl_i2c.obj (.bss)
                 [ 000064a8 ]  00003254          *   00000008   ezdsp5535bsl.lib : ezdsp5535_sar.obj (.bss)
                 [ 000064b8 ]  0000325c          *   00000006   rts55x.lib : memory.obj (.bss)
                 [ 000064c4 ]  00003262          *   00000004   ezdsp5535bsl.lib : ezdsp5535_gpio.obj (.bss)
                 [ 000064cc ]  00003266          *   00000004   rts55x.lib : _lock.obj (.bss)
                 [ 000064d4 ]  0000326a          *   00000004              : exit.obj (.bss)
                 [ 000064dc ]  0000326e          *   00000002   aic3204.obj (.bss)
                 [ 000064e0 ]  00003270          *   00000002   ezdsp5535bsl.lib : ezdsp5535_i2s.obj (.bss)

.const.1     0   [ 000064e4 ]  00003272          *   00000319   
                 [ 000064e4 ]  00003272          *   00000174   aic3204_init.obj (.const:.string)
                 [ 000067cc ]  000033e6          *   00000101   rts55x.lib : ctype.obj (.const:__ctypes_)
                 [ 000069ce ]  000034e7          *   00000060   print_number.obj (.const:_consolas_8ptBitmaps)
                 [ 00006a8e ]  00003547          *   00000001   print_number.obj (.const)
                 [ 00006a90 ]  00003548          *   00000024   rts55x.lib : _printfi.obj (.const:.string)
                 [ 00006ad8 ]  0000356c          *   0000001f   main.obj (.const:.string)

.const.2     0   [ 00006b18 ]  0000358c          *   00000022   
                 [ 00006b18 ]  0000358c          *   0000000c   rts55x.lib : _printfi.obj (.const)
                 [ 00006b30 ]  00003598          *   0000000a   processing.obj (.const)
                 [ 00006b44 ]  000035a2          *   00000008   rts55x.lib : divd.obj (.const:_initial_approx$1)
                 [ 00006b54 ]  000035aa          *   00000002              : fputs.obj (.const:.string)
                 [ 00006b58 ]  000035ac          *   00000002              : fltlid.obj (.const)

.text        0     00020000  [ 00010000 ] 00008840          *   
                   00020000  [ 00010000 ] 000015a4          *   rts55x.lib : _printfi.obj (.text)
                   000215a4  [ 00010ad2 ] 00000c3c          *   cslVC5505.lib : csl_i2c.obj (.text)
                   000221e0  [ 000110f0 ] 00000b18          *                 : csl_sar.obj (.text)
                   00022cf8  [ 0001167c ] 000009f3          *                 : csl_i2s.obj (.text)
                   000236eb  [ 00011b75+] 0000068d          *                 : csl_gpio.obj (.text)
                   00023d78  [ 00011ebc ] 000005b5          *   aic3204_init.obj (.text)
                   0002432d  [ 00012196+] 00000554          *   cslVC5505.lib : csl_intc.obj (.text)
                   00024881  [ 00012440+] 00000543          *   rts55x.lib : lowlev.obj (.text)
                   00024dc4  [ 000126e2 ] 00000528          *              : trgdrv.obj (.text)
                   000252ec  [ 00012976 ] 000004b5          *              : memory.obj (.text)
                   000257a1  [ 00012bd0+] 000003cc          *              : divd.obj (.text)
                   00025b6d  [ 00012db6+] 00000363          *   main.obj (.text)
                   00025ed0  [ 00012f68 ] 0000031b          *   ezdsp5535_aic3204_dma.obj (.text)
                   000261eb  [ 000130f5+] 000002d2          *   print_number.obj (.text)
                   000264bd  [ 0001325e+] 0000027f          *   rts55x.lib : fopen.obj (.text)
                   0002673c  [ 0001339e ] 0000025e          *              : llmpy.obj (.text)
                   0002699a  [ 000134cd ] 0000025a          *              : addd.obj (.text)
                   00026bf4  [ 000135fa ] 00000256          *   processing.obj (.text)
                   00026e4a  [ 00013725 ] 000001ea          *   rts55x.lib : cmpd.obj (.text)
                   00027034  [ 0001381a ] 00000192          *   ezdsp5535bsl.lib : ezdsp5535_lcd.obj (.text)
                   000271c6  [ 000138e3 ] 0000017a          *                    : ezdsp5535_sar.obj (.text)
                   00027340  [ 000139a0 ] 00000163          *   rts55x.lib : fputs.obj (.text)
                   000274a3  [ 00013a51+] 0000014c          *              : mpyd.obj (.text)
                   000275ef  [ 00013af7+] 00000120          *   iir.obj (.text)
                   0002770f  [ 00013b87+] 00000107          *   ezdsp5535bsl.lib : ezdsp5535_i2s.obj (.text)
                   00027816  [ 00013c0b ] 000000e6          *   rts55x.lib : setvbuf.obj (.text)
                   000278fc  [ 00013c7e ] 000000dd          *              : _io_perm.obj (.text)
                   000279d9  [ 00013cec+] 000000cc          *   ezdsp5535_aic3204_dma.obj (.text:retain)
                   00027aa5  [ 00013d52+] 000000c3          *   aic3204.obj (.text)
                   00027b68  [ 00013db4 ] 000000c2          *   rts55x.lib : fflush.obj (.text)
                   00027c2a  [ 00013e15 ] 000000ba          *              : trgmsg.obj (.text:CIO_breakpoint)
                   00027ce4  [ 00013e72 ] 000000a6          *              : fputc.obj (.text)
                   00027d8a  [ 00013ec5 ] 000000a1          *              : divul.obj (.text)
                   00027e2b  [ 00013f15+] 0000008e          *   ezdsp5535bsl.lib : ezdsp5535_i2c.obj (.text)
                   00027eb9  [ 00013f5c+] 0000008c          *   cslVC5505.lib : csl_irqplug.obj (.text)
                   00027f45  [ 00013fa2+] 00000087          *   ezdsp5535bsl.lib : ezdsp5535_gpio.obj (.text)
                   00027fcc  [ 00013fe6 ] 0000007d          *   rts55x.lib : ltoa.obj (.text)
                   00028049  [ 00014024+] 0000007b          *              : fclose.obj (.text)
                   000280c4  [ 00014062 ] 00000076          *              : frcmpyd.obj (.text)
                   0002813a  [ 0001409d ] 00000073          *              : frcmpyd_div.obj (.text)
                   000281ad  [ 000140d6+] 00000072          *              : remul.obj (.text)
                   0002821f  [ 0001410f+] 0000006f          *              : fixdli.obj (.text)
                   0002828e  [ 00014147 ] 0000006d          *   cslVC5505.lib : vectors.obj (.text)
                   000282fb  [ 0001417d+] 0000006d          *   rts55x.lib : trgmsg.obj (.text)
                   00028368  [ 000141b4 ] 0000006b          *              : fseek.obj (.text)
                   000283d3  [ 000141e9+] 00000067          *              : fltlid.obj (.text)
                   0002843a  [ 0001421d ] 0000005c          *              : atoi.obj (.text)
                   00028496  [ 0001424b ] 00000054          *   ezdsp5535bsl.lib : ezdsp5535.obj (.text)
                   000284ea  [ 00014275 ] 00000050          *   rts55x.lib : printf.obj (.text)
                   0002853a  [ 0001429d ] 0000004d          *              : autoinit.obj (.text)
                   00028587  [ 000142c3+] 0000004b          *              : args_main.obj (.text)
                   000285d2  [ 000142e9 ] 0000004b          *              : remli.obj (.text)
                   0002861d  [ 0001430e+] 00000048          *              : divli.obj (.text)
                   00028665  [ 00014332+] 0000003f          *              : memcpy.obj (.text)
                   000286a4  [ 00014352 ] 0000003e          *              : exit.obj (.text)
                   000286e2  [ 00014371 ] 0000003c          *              : idiv.obj (.text)
                   0002871e  [ 0001438f ] 00000034          *              : boot.obj (.text)
                   00028752  [ 000143a9 ] 0000002a          *              : fixdi.obj (.text)
                   0002877c  [ 000143be ] 0000002a          *              : udiv.obj (.text)
                   000287a6  [ 000143d3 ] 00000023          *              : memccpy.obj (.text)
                   000287c9  [ 000143e4+] 0000001a          *              : isinf.obj (.text)
                   000287e3  [ 000143f1+] 00000014          *              : subd.obj (.text)
                   000287f7  [ 000143fb+] 00000013          *              : lmpy.obj (.text)
                   0002880a  [ 00014405 ] 00000012          *              : _lock.obj (.text)
                   0002881c  [ 0001440e ] 00000010          *              : negd.obj (.text)
                   0002882c  [ 00014416 ] 0000000a          *              : remove.obj (.text)
                   00028836  [ 0001441b ] 00000007          *              : exit.obj (.text:CIO_breakpoint)
                   0002883d  [ 0001441e+] 00000002          *              : vectors.obj (.text)
                   0002883f  [ 0001441f ] 00000001          *   --HOLE-- [fill = 20]

.cio         0   [ 00040000 ]  00020000          *   00000120   UNINITIALIZED
                 [ 00040000 ]  00020000          *   00000120   rts55x.lib : trgmsg.obj (.cio)

.cinit       0   [ 00040240 ]  00020120          *   00000100   
                 [ 00040240 ]  00020120          *   00000078   main.obj (.cinit)
                 [ 00040330 ]  00020198          *   0000002d   rts55x.lib : lowlev.obj (.cinit)
                 [ 0004038a ]  000201c5          *   0000002a              : defs.obj (.cinit)
                 [ 000403de ]  000201ef          *   0000000c   ezdsp5535bsl.lib : ezdsp5535_sar.obj (.cinit)
                 [ 000403f6 ]  000201fb          *   0000000a   rts55x.lib : _lock.obj (.cinit)
                 [ 0004040a ]  00020205          *   0000000a              : exit.obj (.cinit)
                 [ 0004041e ]  0002020f          *   00000008   cslVC5505.lib : csl_i2s.obj (.cinit)
                 [ 0004042e ]  00020217          *   00000004   rts55x.lib : fopen.obj (.cinit)
                 [ 00040436 ]  0002021b          *   00000004              : memory.obj (.cinit)
                 [ 0004043e ]  0002021f          *   00000001   --HOLE-- [fill = 0]

.switch      0   [ 00040440 ]  00020220          *   00000014   
                 [ 00040440 ]  00020220          *   00000014   print_number.obj (.switch:_printChar)

vectors      0     0004fe00  [ 00027f00 ] 00000200          *   
                   0004fe00  [ 00027f00 ] 00000100          *   cslVC5505.lib : vectors.obj (vectors)
                   0004ff00  [ 00027f80 ] 00000100          *   rts55x.lib : vectors.obj (vectors)


GLOBAL SYMBOLS: SORTED ALPHABETICALLY BY Name 

abs. value/
byte addr   word addr   name
---------   ---------   ----
00000002                $TI_capability$C5500$CallingConvention
00000002                $TI_capability$C5500$MemoryModel
00000001                $TI_capability_requires_rev3
ffffffff                .bss
ffffffff                .data
ffffffff                .text
00028837                C$$EXIT
00027cdf                C$$IO$$
000286e2                I$$DIV
000287f7                I$$LMPY
00028701                I$$MOD
0002877c                I$$UDIV
00028791                I$$UMOD
0004fe00                RST
00027aa5                _AIC3204_rget
00027af0                _AIC3204_rset
            00002868    _DMA_InputL
            00002968    _DMA_InputR
            00002a68    _DMA_OutputL
            00002b68    _DMA_OutputR
00027fae                _EZDSP5535_GPIO_getInput
00027f45                _EZDSP5535_GPIO_init
00027f70                _EZDSP5535_GPIO_setDirection
00027f94                _EZDSP5535_GPIO_setOutput
00027e2b                _EZDSP5535_I2C_init
00027e91                _EZDSP5535_I2C_read
00027e60                _EZDSP5535_I2C_reset
00027e6b                _EZDSP5535_I2C_write
00027804                _EZDSP5535_I2S_close
0002770f                _EZDSP5535_I2S_init
00027768                _EZDSP5535_I2S_readLeft
000277c7                _EZDSP5535_I2S_readRight
0002779a                _EZDSP5535_I2S_writeLeft
000277e8                _EZDSP5535_I2S_writeRight
000270a7                _EZDSP5535_OSD9616_init
0002705c                _EZDSP5535_OSD9616_multiSend
00027189                _EZDSP5535_OSD9616_printLetter
00027034                _EZDSP5535_OSD9616_send
0002728c                _EZDSP5535_SAR_getKey
000271c6                _EZDSP5535_SAR_init
000284dc                _EZDSP5535_init
00028496                _EZDSP5535_wait
000284ca                _EZDSP5535_waitusec
00023bd6                _GPIO_clearInt
0002372f                _GPIO_close
00023753                _GPIO_config
00023986                _GPIO_configBit
00023ace                _GPIO_disableInt
00023b4c                _GPIO_enableInt
000237d8                _GPIO_getConfig
000236eb                _GPIO_open
00023860                _GPIO_read
00023ce9                _GPIO_reset
00023c62                _GPIO_statusBit
000238e3                _GPIO_write
            00003262    _GpioObj
0002528e                _HOSTclock
00025223                _HOSTclose
0002516e                _HOSTlseek
000250cf                _HOSTopen
00025042                _HOSTread
00024f94                _HOSTrename
00024f36                _HOSTtime
00024ecc                _HOSTunlink
00024e3f                _HOSTwrite
0002164d                _I2C_config
00022018                _I2C_eventDisable
00021ee4                _I2C_eventEnable
000217b2                _I2C_getConfig
000221c4                _I2C_getEventId
000215a4                _I2C_init
00021cc6                _I2C_read
00022137                _I2C_setCallback
00021888                _I2C_setup
00021a82                _I2C_write
0002312d                _I2S_close
00022cf8                _I2S_open
000231df                _I2S_read
000235ef                _I2S_reset
00022e3f                _I2S_setup
000236a0                _I2S_transEnable
00023499                _I2S_write
000243c7                _IRQ_clear
00024431                _IRQ_clearAll
00024441                _IRQ_config
00024567                _IRQ_disable
000245e5                _IRQ_disableAll
000245f3                _IRQ_enable
000246ed                _IRQ_getArg
000244d4                _IRQ_getConfig
0002483b                _IRQ_globalDisable
00024854                _IRQ_globalEnable
0002486d                _IRQ_globalRestore
0002432d                _IRQ_init
00024766                _IRQ_map
00027eb9                _IRQ_plug
0002467d                _IRQ_restore
00024733                _IRQ_setArg
00024798                _IRQ_setVecs
000247c9                _IRQ_test
0004ff00                _Reset
00022763                _SAR_A2DMeasParamSet
00022bdd                _SAR_GPODirSet
000222da                _SAR_chanClose
0002235e                _SAR_chanConfig
0002265a                _SAR_chanCycSet
0002225d                _SAR_chanInit
00022278                _SAR_chanOpen
00022446                _SAR_chanSetup
0002223d                _SAR_deInit
000223d4                _SAR_getConfig
00022cb9                _SAR_getStatus
000221e0                _SAR_init
00022722                _SAR_readData
000226a9                _SAR_startConversion
000226db                _SAR_stopConversion
            00003258    _SarHandle
            00003254    _SarObj
0004fe00                _VECSTART
            00020000    __CIOBUF_
000242d4                __I2S_init
            00001060    __STACK_END
00002000                __STACK_SIZE
00002000                __SYSMEM_SIZE
00001000                __SYSSTACK_SIZE
00000001                __TI_args_main
ffffffff                ___binit__
ffffffff                ___bss__
ffffffff                ___c_args__
            00020120    ___cinit__
ffffffff                ___data__
ffffffff                ___edata__
ffffffff                ___end__
ffffffff                ___etext__
000287c9                ___isinf
ffffffff                ___pinit__
ffffffff                ___text__
0002699a                __addd
00028587                __args_main
000265de                __cleanup
            0000326a    __cleanup_ptr
00026fdc                __cmpd
            000033e6    __ctypes_
000257a1                __divd
000286e2                __divi
0002861d                __divli
00026965                __divlli
0002877c                __divu
00027d8a                __divul
00026871                __divull
00027b68                __doflush
            0000326c    __dtors_ptr
00026fa8                __eqld
00028752                __fixdi
0002821f                __fixdli
000283d3                __fltlid
000280c4                __frcmpyd
0002813a                __frcmpyd_div
            00003050    __ft_end
            00002f38    __ftable
00026f5e                __geqd
00026f13                __gtrd
00026ec6                __leqd
            00003266    __lock
00026e7e                __lssd
000274a3                __mpyd
000287f7                __mpyli
000267b9                __mpylli
0002881c                __negd
00026e4a                __neqd
0002881a                __nop
00021362                __printfi
0002797c                __rd_ok
00028812                __register_lock
0002880a                __register_unlock
00028701                __remi
000285d2                __remli
0002678a                __remlli
00028791                __remu
000281ad                __remul
0002673c                __remull
            00000060    __stack
000287e3                __subd
            00001860    __sys_memory
            00001060    __sysstack
            00002fb0    __tmpnams
            00003268    __unlock
000278fc                __wrt_ok
00028836                _abort
00024cd4                _add_device
00027b3d                _aic3204_codec_read
00027b54                _aic3204_codec_write
00027b2c                _aic3204_disable
00025ed0                _aic3204_dma_init
00027b1a                _aic3204_hardware_init
00023d78                _aic3204_init
0002605b                _aic3204_read_block
00026110                _aic3204_write_block
            00002f14    _alp
0002843a                _atoi
0002853a                _auto_init
            00002f20    _beta
            00002e14    _bufferLeft
            00002e94    _bufferRight
0002871e                _c_int00
00026c61                _calculatePeekCoeff
00026bf4                _calculateShelvingCoeff
0002577b                _calloc
00025773                _chkheap
00026289                _clearLCD
00024c61                _close
            000034e7    _consolas_8ptBitmaps
            0000326e    _counter1
            0000326f    _counter2
            00002d68    _dirak
000286a4                _exit
            00002f26    _f
00028049                _fclose
00027bd1                _fflush
00024c58                _find_registered_device
000275ef                _first_order_IIR
00026701                _fopen
00027ce4                _fputc
00027340                _fputs
000252ec                _free
0002571d                _free_memory
00026638                _freopen
            0000323f    _fsError
00028368                _fseek
            00003242    _gI2cObj
00025b6d                _getKey
00024dc4                _getenv
            00003264    _hGpio
            00003270    _hI2s
            00003252    _i2cHandle
000261eb                _initPrintNumber
            00002f32    _k
            00002f36    _k_i
            0000325a    _keyCnt1
            0000325b    _keyCnt2
00024bf2                _lseek
00027fcc                _ltoa
00025c0a                _main
0002541d                _malloc
000256c3                _max_free
000287a6                _memccpy
00028665                _memcpy
000253b8                _minit
00024b33                _open
            00003240    _ouError
            00002df0    _outputPeek1
            00002df6    _outputPeek2
            00002dec    _outputShelvHp
            00002de8    _outputShelvLp
            00003257    _preKey
00026357                _printChar
00025b92                _printNewValue
000284ea                _printf
00027ce4                _putc
00027d7b                _putchar
00027475                _puts
00024a85                _read
000282fb                _readmsg
00025512                _realloc
0002882c                _remove
00024a4f                _remove_device
000249f6                _rename
            00002c68    _sampleBufferL
            00002ce8    _sampleBufferR
00027656                _second_order_IIR
00026335                _setWritePointerToFirstChar
00023f69                _set_sampling_frequency_and_gain
00027816                _setvbuf
00026d0f                _shelvingHP
00026d78                _shelvingLP
00026de1                _shelvingPeek
            00003547    _sign_width
000249c3                _unlink
00024881                _write
00027c2a                _writemsg
            00002dfe    _x_historyHPLeft
            00002e0a    _x_historyHPRight
            00002dfc    _x_historyLPLeft
            00002e08    _x_historyLPRight
            00002e00    _x_historyPeek1Left
            00002e0c    _x_historyPeek1Right
            00002e04    _x_historyPeek2Left
            00002e10    _x_historyPeek2Right
            00002dff    _y_historyHPLeft
            00002e0b    _y_historyHPRight
            00002dfd    _y_historyLPLeft
            00002e09    _y_historyLPRight
            00002e02    _y_historyPeek1Left
            00002e0e    _y_historyPeek1Right
            00002e06    _y_historyPeek2Left
            00002e12    _y_historyPeek2Right
ffffffff                binit
            00020120    cinit
ffffffff                edata
ffffffff                end
ffffffff                etext
ffffffff                pinit


GLOBAL SYMBOLS: SORTED BY Symbol Address 

abs. value/
byte addr   word addr   name
---------   ---------   ----
00000001                $TI_capability_requires_rev3
00000001                __TI_args_main
00000002                $TI_capability$C5500$CallingConvention
00000002                $TI_capability$C5500$MemoryModel
            00000060    __stack
00001000                __SYSSTACK_SIZE
00002000                __STACK_SIZE
00002000                __SYSMEM_SIZE
            00001060    __STACK_END
            00001060    __sysstack
            00001860    __sys_memory
            00002868    _DMA_InputL
            00002968    _DMA_InputR
            00002a68    _DMA_OutputL
            00002b68    _DMA_OutputR
            00002c68    _sampleBufferL
            00002ce8    _sampleBufferR
            00002d68    _dirak
            00002de8    _outputShelvLp
            00002dec    _outputShelvHp
            00002df0    _outputPeek1
            00002df6    _outputPeek2
            00002dfc    _x_historyLPLeft
            00002dfd    _y_historyLPLeft
            00002dfe    _x_historyHPLeft
            00002dff    _y_historyHPLeft
            00002e00    _x_historyPeek1Left
            00002e02    _y_historyPeek1Left
            00002e04    _x_historyPeek2Left
            00002e06    _y_historyPeek2Left
            00002e08    _x_historyLPRight
            00002e09    _y_historyLPRight
            00002e0a    _x_historyHPRight
            00002e0b    _y_historyHPRight
            00002e0c    _x_historyPeek1Right
            00002e0e    _y_historyPeek1Right
            00002e10    _x_historyPeek2Right
            00002e12    _y_historyPeek2Right
            00002e14    _bufferLeft
            00002e94    _bufferRight
            00002f14    _alp
            00002f20    _beta
            00002f26    _f
            00002f32    _k
            00002f36    _k_i
            00002f38    __ftable
            00002fb0    __tmpnams
            00003050    __ft_end
            0000323f    _fsError
            00003240    _ouError
            00003242    _gI2cObj
            00003252    _i2cHandle
            00003254    _SarObj
            00003257    _preKey
            00003258    _SarHandle
            0000325a    _keyCnt1
            0000325b    _keyCnt2
            00003262    _GpioObj
            00003264    _hGpio
            00003266    __lock
            00003268    __unlock
            0000326a    __cleanup_ptr
            0000326c    __dtors_ptr
            0000326e    _counter1
            0000326f    _counter2
            00003270    _hI2s
            000033e6    __ctypes_
            000034e7    _consolas_8ptBitmaps
            00003547    _sign_width
00021362                __printfi
000215a4                _I2C_init
0002164d                _I2C_config
000217b2                _I2C_getConfig
00021888                _I2C_setup
00021a82                _I2C_write
00021cc6                _I2C_read
00021ee4                _I2C_eventEnable
00022018                _I2C_eventDisable
00022137                _I2C_setCallback
000221c4                _I2C_getEventId
000221e0                _SAR_init
0002223d                _SAR_deInit
0002225d                _SAR_chanInit
00022278                _SAR_chanOpen
000222da                _SAR_chanClose
0002235e                _SAR_chanConfig
000223d4                _SAR_getConfig
00022446                _SAR_chanSetup
0002265a                _SAR_chanCycSet
000226a9                _SAR_startConversion
000226db                _SAR_stopConversion
00022722                _SAR_readData
00022763                _SAR_A2DMeasParamSet
00022bdd                _SAR_GPODirSet
00022cb9                _SAR_getStatus
00022cf8                _I2S_open
00022e3f                _I2S_setup
0002312d                _I2S_close
000231df                _I2S_read
00023499                _I2S_write
000235ef                _I2S_reset
000236a0                _I2S_transEnable
000236eb                _GPIO_open
0002372f                _GPIO_close
00023753                _GPIO_config
000237d8                _GPIO_getConfig
00023860                _GPIO_read
000238e3                _GPIO_write
00023986                _GPIO_configBit
00023ace                _GPIO_disableInt
00023b4c                _GPIO_enableInt
00023bd6                _GPIO_clearInt
00023c62                _GPIO_statusBit
00023ce9                _GPIO_reset
00023d78                _aic3204_init
00023f69                _set_sampling_frequency_and_gain
000242d4                __I2S_init
0002432d                _IRQ_init
000243c7                _IRQ_clear
00024431                _IRQ_clearAll
00024441                _IRQ_config
000244d4                _IRQ_getConfig
00024567                _IRQ_disable
000245e5                _IRQ_disableAll
000245f3                _IRQ_enable
0002467d                _IRQ_restore
000246ed                _IRQ_getArg
00024733                _IRQ_setArg
00024766                _IRQ_map
00024798                _IRQ_setVecs
000247c9                _IRQ_test
0002483b                _IRQ_globalDisable
00024854                _IRQ_globalEnable
0002486d                _IRQ_globalRestore
00024881                _write
000249c3                _unlink
000249f6                _rename
00024a4f                _remove_device
00024a85                _read
00024b33                _open
00024bf2                _lseek
00024c58                _find_registered_device
00024c61                _close
00024cd4                _add_device
00024dc4                _getenv
00024e3f                _HOSTwrite
00024ecc                _HOSTunlink
00024f36                _HOSTtime
00024f94                _HOSTrename
00025042                _HOSTread
000250cf                _HOSTopen
0002516e                _HOSTlseek
00025223                _HOSTclose
0002528e                _HOSTclock
000252ec                _free
000253b8                _minit
0002541d                _malloc
00025512                _realloc
000256c3                _max_free
0002571d                _free_memory
00025773                _chkheap
0002577b                _calloc
000257a1                __divd
00025b6d                _getKey
00025b92                _printNewValue
00025c0a                _main
00025ed0                _aic3204_dma_init
0002605b                _aic3204_read_block
00026110                _aic3204_write_block
000261eb                _initPrintNumber
00026289                _clearLCD
00026335                _setWritePointerToFirstChar
00026357                _printChar
000265de                __cleanup
00026638                _freopen
00026701                _fopen
0002673c                __remull
0002678a                __remlli
000267b9                __mpylli
00026871                __divull
00026965                __divlli
0002699a                __addd
00026bf4                _calculateShelvingCoeff
00026c61                _calculatePeekCoeff
00026d0f                _shelvingHP
00026d78                _shelvingLP
00026de1                _shelvingPeek
00026e4a                __neqd
00026e7e                __lssd
00026ec6                __leqd
00026f13                __gtrd
00026f5e                __geqd
00026fa8                __eqld
00026fdc                __cmpd
00027034                _EZDSP5535_OSD9616_send
0002705c                _EZDSP5535_OSD9616_multiSend
000270a7                _EZDSP5535_OSD9616_init
00027189                _EZDSP5535_OSD9616_printLetter
000271c6                _EZDSP5535_SAR_init
0002728c                _EZDSP5535_SAR_getKey
00027340                _fputs
00027475                _puts
000274a3                __mpyd
000275ef                _first_order_IIR
00027656                _second_order_IIR
0002770f                _EZDSP5535_I2S_init
00027768                _EZDSP5535_I2S_readLeft
0002779a                _EZDSP5535_I2S_writeLeft
000277c7                _EZDSP5535_I2S_readRight
000277e8                _EZDSP5535_I2S_writeRight
00027804                _EZDSP5535_I2S_close
00027816                _setvbuf
000278fc                __wrt_ok
0002797c                __rd_ok
00027aa5                _AIC3204_rget
00027af0                _AIC3204_rset
00027b1a                _aic3204_hardware_init
00027b2c                _aic3204_disable
00027b3d                _aic3204_codec_read
00027b54                _aic3204_codec_write
00027b68                __doflush
00027bd1                _fflush
00027c2a                _writemsg
00027cdf                C$$IO$$
00027ce4                _fputc
00027ce4                _putc
00027d7b                _putchar
00027d8a                __divul
00027e2b                _EZDSP5535_I2C_init
00027e60                _EZDSP5535_I2C_reset
00027e6b                _EZDSP5535_I2C_write
00027e91                _EZDSP5535_I2C_read
00027eb9                _IRQ_plug
00027f45                _EZDSP5535_GPIO_init
00027f70                _EZDSP5535_GPIO_setDirection
00027f94                _EZDSP5535_GPIO_setOutput
00027fae                _EZDSP5535_GPIO_getInput
00027fcc                _ltoa
00028049                _fclose
000280c4                __frcmpyd
0002813a                __frcmpyd_div
000281ad                __remul
0002821f                __fixdli
000282fb                _readmsg
00028368                _fseek
000283d3                __fltlid
0002843a                _atoi
00028496                _EZDSP5535_wait
000284ca                _EZDSP5535_waitusec
000284dc                _EZDSP5535_init
000284ea                _printf
0002853a                _auto_init
00028587                __args_main
000285d2                __remli
0002861d                __divli
00028665                _memcpy
000286a4                _exit
000286e2                I$$DIV
000286e2                __divi
00028701                I$$MOD
00028701                __remi
0002871e                _c_int00
00028752                __fixdi
0002877c                I$$UDIV
0002877c                __divu
00028791                I$$UMOD
00028791                __remu
000287a6                _memccpy
000287c9                ___isinf
000287e3                __subd
000287f7                I$$LMPY
000287f7                __mpyli
0002880a                __register_unlock
00028812                __register_lock
0002881a                __nop
0002881c                __negd
0002882c                _remove
00028836                _abort
00028837                C$$EXIT
            00020000    __CIOBUF_
            00020120    ___cinit__
            00020120    cinit
0004fe00                RST
0004fe00                _VECSTART
0004ff00                _Reset
ffffffff                .bss
ffffffff                .data
ffffffff                .text
ffffffff                ___binit__
ffffffff                ___bss__
ffffffff                ___c_args__
ffffffff                ___data__
ffffffff                ___edata__
ffffffff                ___end__
ffffffff                ___etext__
ffffffff                ___pinit__
ffffffff                ___text__
ffffffff                binit
ffffffff                edata
ffffffff                end
ffffffff                etext
ffffffff                pinit

[302 symbols]
