<?xml version="1.0"?>
<link_info>
   <banner>TMS320C55x Linker PC v4.4.1</banner>
   <copyright>Copyright (c) 1996-2012 Texas Instruments Incorporated</copyright>
   <link_time>0x5ac2195b</link_time>
   <output_file>EQ.out</output_file>
   <entry_point>
      <name>_c_int00</name>
      <address>0x2871e</address>
   </entry_point>
   <input_file_list>
      <input_file id="fl-2">
         <path>.\</path>
         <kind>object</kind>
         <file>aic3204.obj</file>
         <name>aic3204.obj</name>
      </input_file>
      <input_file id="fl-3">
         <path>.\</path>
         <kind>object</kind>
         <file>aic3204_init.obj</file>
         <name>aic3204_init.obj</name>
      </input_file>
      <input_file id="fl-4">
         <path>.\</path>
         <kind>object</kind>
         <file>ezdsp5535_aic3204_dma.obj</file>
         <name>ezdsp5535_aic3204_dma.obj</name>
      </input_file>
      <input_file id="fl-5">
         <path>.\</path>
         <kind>object</kind>
         <file>iir.obj</file>
         <name>iir.obj</name>
      </input_file>
      <input_file id="fl-6">
         <path>.\</path>
         <kind>object</kind>
         <file>main.obj</file>
         <name>main.obj</name>
      </input_file>
      <input_file id="fl-7">
         <path>.\</path>
         <kind>object</kind>
         <file>print_number.obj</file>
         <name>print_number.obj</name>
      </input_file>
      <input_file id="fl-8">
         <path>.\</path>
         <kind>object</kind>
         <file>processing.obj</file>
         <name>processing.obj</name>
      </input_file>
      <input_file id="fl-11">
         <path>..\lib\</path>
         <kind>archive</kind>
         <file>ezdsp5535bsl.lib</file>
         <name>ezdsp5535_sar.obj</name>
      </input_file>
      <input_file id="fl-12">
         <path>..\lib\</path>
         <kind>archive</kind>
         <file>ezdsp5535bsl.lib</file>
         <name>ezdsp5535_lcd.obj</name>
      </input_file>
      <input_file id="fl-13">
         <path>..\lib\</path>
         <kind>archive</kind>
         <file>ezdsp5535bsl.lib</file>
         <name>ezdsp5535_i2s.obj</name>
      </input_file>
      <input_file id="fl-14">
         <path>..\lib\</path>
         <kind>archive</kind>
         <file>ezdsp5535bsl.lib</file>
         <name>ezdsp5535_i2c.obj</name>
      </input_file>
      <input_file id="fl-15">
         <path>..\lib\</path>
         <kind>archive</kind>
         <file>ezdsp5535bsl.lib</file>
         <name>ezdsp5535_gpio.obj</name>
      </input_file>
      <input_file id="fl-16">
         <path>..\lib\</path>
         <kind>archive</kind>
         <file>ezdsp5535bsl.lib</file>
         <name>ezdsp5535.obj</name>
      </input_file>
      <input_file id="fl-17">
         <path>..\c55xx_csl\lib\</path>
         <kind>archive</kind>
         <file>cslVC5505.lib</file>
         <name>vectors.obj</name>
      </input_file>
      <input_file id="fl-18">
         <path>..\c55xx_csl\lib\</path>
         <kind>archive</kind>
         <file>cslVC5505.lib</file>
         <name>csl_sar.obj</name>
      </input_file>
      <input_file id="fl-19">
         <path>..\c55xx_csl\lib\</path>
         <kind>archive</kind>
         <file>cslVC5505.lib</file>
         <name>csl_irqplug.obj</name>
      </input_file>
      <input_file id="fl-1a">
         <path>..\c55xx_csl\lib\</path>
         <kind>archive</kind>
         <file>cslVC5505.lib</file>
         <name>csl_intc.obj</name>
      </input_file>
      <input_file id="fl-1b">
         <path>..\c55xx_csl\lib\</path>
         <kind>archive</kind>
         <file>cslVC5505.lib</file>
         <name>csl_i2s.obj</name>
      </input_file>
      <input_file id="fl-1c">
         <path>..\c55xx_csl\lib\</path>
         <kind>archive</kind>
         <file>cslVC5505.lib</file>
         <name>csl_i2c.obj</name>
      </input_file>
      <input_file id="fl-1d">
         <path>..\c55xx_csl\lib\</path>
         <kind>archive</kind>
         <file>cslVC5505.lib</file>
         <name>csl_gpio.obj</name>
      </input_file>
      <input_file id="fl-1e">
         <path>C:\ti\ccsv6\tools\compiler\c5500_4.4.1\lib\</path>
         <kind>archive</kind>
         <file>rts55x.lib</file>
         <name>addd.obj</name>
      </input_file>
      <input_file id="fl-1f">
         <path>C:\ti\ccsv6\tools\compiler\c5500_4.4.1\lib\</path>
         <kind>archive</kind>
         <file>rts55x.lib</file>
         <name>boot.obj</name>
      </input_file>
      <input_file id="fl-20">
         <path>C:\ti\ccsv6\tools\compiler\c5500_4.4.1\lib\</path>
         <kind>archive</kind>
         <file>rts55x.lib</file>
         <name>divul.obj</name>
      </input_file>
      <input_file id="fl-21">
         <path>C:\ti\ccsv6\tools\compiler\c5500_4.4.1\lib\</path>
         <kind>archive</kind>
         <file>rts55x.lib</file>
         <name>exit.obj</name>
      </input_file>
      <input_file id="fl-22">
         <path>C:\ti\ccsv6\tools\compiler\c5500_4.4.1\lib\</path>
         <kind>archive</kind>
         <file>rts55x.lib</file>
         <name>fixdi.obj</name>
      </input_file>
      <input_file id="fl-23">
         <path>C:\ti\ccsv6\tools\compiler\c5500_4.4.1\lib\</path>
         <kind>archive</kind>
         <file>rts55x.lib</file>
         <name>fixdli.obj</name>
      </input_file>
      <input_file id="fl-24">
         <path>C:\ti\ccsv6\tools\compiler\c5500_4.4.1\lib\</path>
         <kind>archive</kind>
         <file>rts55x.lib</file>
         <name>idiv.obj</name>
      </input_file>
      <input_file id="fl-25">
         <path>C:\ti\ccsv6\tools\compiler\c5500_4.4.1\lib\</path>
         <kind>archive</kind>
         <file>rts55x.lib</file>
         <name>lmpy.obj</name>
      </input_file>
      <input_file id="fl-26">
         <path>C:\ti\ccsv6\tools\compiler\c5500_4.4.1\lib\</path>
         <kind>archive</kind>
         <file>rts55x.lib</file>
         <name>mpyd.obj</name>
      </input_file>
      <input_file id="fl-27">
         <path>C:\ti\ccsv6\tools\compiler\c5500_4.4.1\lib\</path>
         <kind>archive</kind>
         <file>rts55x.lib</file>
         <name>negd.obj</name>
      </input_file>
      <input_file id="fl-28">
         <path>C:\ti\ccsv6\tools\compiler\c5500_4.4.1\lib\</path>
         <kind>archive</kind>
         <file>rts55x.lib</file>
         <name>printf.obj</name>
      </input_file>
      <input_file id="fl-29">
         <path>C:\ti\ccsv6\tools\compiler\c5500_4.4.1\lib\</path>
         <kind>archive</kind>
         <file>rts55x.lib</file>
         <name>remul.obj</name>
      </input_file>
      <input_file id="fl-2a">
         <path>C:\ti\ccsv6\tools\compiler\c5500_4.4.1\lib\</path>
         <kind>archive</kind>
         <file>rts55x.lib</file>
         <name>vectors.obj</name>
      </input_file>
      <input_file id="fl-2b">
         <path>C:\ti\ccsv6\tools\compiler\c5500_4.4.1\lib\</path>
         <kind>archive</kind>
         <file>rts55x.lib</file>
         <name>_lock.obj</name>
      </input_file>
      <input_file id="fl-2c">
         <path>C:\ti\ccsv6\tools\compiler\c5500_4.4.1\lib\</path>
         <kind>archive</kind>
         <file>rts55x.lib</file>
         <name>_printfi.obj</name>
      </input_file>
      <input_file id="fl-2d">
         <path>C:\ti\ccsv6\tools\compiler\c5500_4.4.1\lib\</path>
         <kind>archive</kind>
         <file>rts55x.lib</file>
         <name>args_main.obj</name>
      </input_file>
      <input_file id="fl-2e">
         <path>C:\ti\ccsv6\tools\compiler\c5500_4.4.1\lib\</path>
         <kind>archive</kind>
         <file>rts55x.lib</file>
         <name>atoi.obj</name>
      </input_file>
      <input_file id="fl-2f">
         <path>C:\ti\ccsv6\tools\compiler\c5500_4.4.1\lib\</path>
         <kind>archive</kind>
         <file>rts55x.lib</file>
         <name>autoinit.obj</name>
      </input_file>
      <input_file id="fl-30">
         <path>C:\ti\ccsv6\tools\compiler\c5500_4.4.1\lib\</path>
         <kind>archive</kind>
         <file>rts55x.lib</file>
         <name>cmpd.obj</name>
      </input_file>
      <input_file id="fl-31">
         <path>C:\ti\ccsv6\tools\compiler\c5500_4.4.1\lib\</path>
         <kind>archive</kind>
         <file>rts55x.lib</file>
         <name>ctype.obj</name>
      </input_file>
      <input_file id="fl-32">
         <path>C:\ti\ccsv6\tools\compiler\c5500_4.4.1\lib\</path>
         <kind>archive</kind>
         <file>rts55x.lib</file>
         <name>defs.obj</name>
      </input_file>
      <input_file id="fl-33">
         <path>C:\ti\ccsv6\tools\compiler\c5500_4.4.1\lib\</path>
         <kind>archive</kind>
         <file>rts55x.lib</file>
         <name>divd.obj</name>
      </input_file>
      <input_file id="fl-34">
         <path>C:\ti\ccsv6\tools\compiler\c5500_4.4.1\lib\</path>
         <kind>archive</kind>
         <file>rts55x.lib</file>
         <name>fltlid.obj</name>
      </input_file>
      <input_file id="fl-35">
         <path>C:\ti\ccsv6\tools\compiler\c5500_4.4.1\lib\</path>
         <kind>archive</kind>
         <file>rts55x.lib</file>
         <name>fputc.obj</name>
      </input_file>
      <input_file id="fl-36">
         <path>C:\ti\ccsv6\tools\compiler\c5500_4.4.1\lib\</path>
         <kind>archive</kind>
         <file>rts55x.lib</file>
         <name>fputs.obj</name>
      </input_file>
      <input_file id="fl-37">
         <path>C:\ti\ccsv6\tools\compiler\c5500_4.4.1\lib\</path>
         <kind>archive</kind>
         <file>rts55x.lib</file>
         <name>frcmpyd.obj</name>
      </input_file>
      <input_file id="fl-38">
         <path>C:\ti\ccsv6\tools\compiler\c5500_4.4.1\lib\</path>
         <kind>archive</kind>
         <file>rts55x.lib</file>
         <name>frcmpyd_div.obj</name>
      </input_file>
      <input_file id="fl-39">
         <path>C:\ti\ccsv6\tools\compiler\c5500_4.4.1\lib\</path>
         <kind>archive</kind>
         <file>rts55x.lib</file>
         <name>isinf.obj</name>
      </input_file>
      <input_file id="fl-3a">
         <path>C:\ti\ccsv6\tools\compiler\c5500_4.4.1\lib\</path>
         <kind>archive</kind>
         <file>rts55x.lib</file>
         <name>llmpy.obj</name>
      </input_file>
      <input_file id="fl-3b">
         <path>C:\ti\ccsv6\tools\compiler\c5500_4.4.1\lib\</path>
         <kind>archive</kind>
         <file>rts55x.lib</file>
         <name>lowlev.obj</name>
      </input_file>
      <input_file id="fl-3c">
         <path>C:\ti\ccsv6\tools\compiler\c5500_4.4.1\lib\</path>
         <kind>archive</kind>
         <file>rts55x.lib</file>
         <name>ltoa.obj</name>
      </input_file>
      <input_file id="fl-3d">
         <path>C:\ti\ccsv6\tools\compiler\c5500_4.4.1\lib\</path>
         <kind>archive</kind>
         <file>rts55x.lib</file>
         <name>memccpy.obj</name>
      </input_file>
      <input_file id="fl-3e">
         <path>C:\ti\ccsv6\tools\compiler\c5500_4.4.1\lib\</path>
         <kind>archive</kind>
         <file>rts55x.lib</file>
         <name>memcpy.obj</name>
      </input_file>
      <input_file id="fl-3f">
         <path>C:\ti\ccsv6\tools\compiler\c5500_4.4.1\lib\</path>
         <kind>archive</kind>
         <file>rts55x.lib</file>
         <name>remli.obj</name>
      </input_file>
      <input_file id="fl-40">
         <path>C:\ti\ccsv6\tools\compiler\c5500_4.4.1\lib\</path>
         <kind>archive</kind>
         <file>rts55x.lib</file>
         <name>subd.obj</name>
      </input_file>
      <input_file id="fl-41">
         <path>C:\ti\ccsv6\tools\compiler\c5500_4.4.1\lib\</path>
         <kind>archive</kind>
         <file>rts55x.lib</file>
         <name>trgdrv.obj</name>
      </input_file>
      <input_file id="fl-42">
         <path>C:\ti\ccsv6\tools\compiler\c5500_4.4.1\lib\</path>
         <kind>archive</kind>
         <file>rts55x.lib</file>
         <name>trgmsg.obj</name>
      </input_file>
      <input_file id="fl-43">
         <path>C:\ti\ccsv6\tools\compiler\c5500_4.4.1\lib\</path>
         <kind>archive</kind>
         <file>rts55x.lib</file>
         <name>udiv.obj</name>
      </input_file>
      <input_file id="fl-44">
         <path>C:\ti\ccsv6\tools\compiler\c5500_4.4.1\lib\</path>
         <kind>archive</kind>
         <file>rts55x.lib</file>
         <name>_io_perm.obj</name>
      </input_file>
      <input_file id="fl-45">
         <path>C:\ti\ccsv6\tools\compiler\c5500_4.4.1\lib\</path>
         <kind>archive</kind>
         <file>rts55x.lib</file>
         <name>divli.obj</name>
      </input_file>
      <input_file id="fl-46">
         <path>C:\ti\ccsv6\tools\compiler\c5500_4.4.1\lib\</path>
         <kind>archive</kind>
         <file>rts55x.lib</file>
         <name>fflush.obj</name>
      </input_file>
      <input_file id="fl-47">
         <path>C:\ti\ccsv6\tools\compiler\c5500_4.4.1\lib\</path>
         <kind>archive</kind>
         <file>rts55x.lib</file>
         <name>fseek.obj</name>
      </input_file>
      <input_file id="fl-48">
         <path>C:\ti\ccsv6\tools\compiler\c5500_4.4.1\lib\</path>
         <kind>archive</kind>
         <file>rts55x.lib</file>
         <name>setvbuf.obj</name>
      </input_file>
      <input_file id="fl-49">
         <path>C:\ti\ccsv6\tools\compiler\c5500_4.4.1\lib\</path>
         <kind>archive</kind>
         <file>rts55x.lib</file>
         <name>fopen.obj</name>
      </input_file>
      <input_file id="fl-4a">
         <path>C:\ti\ccsv6\tools\compiler\c5500_4.4.1\lib\</path>
         <kind>archive</kind>
         <file>rts55x.lib</file>
         <name>memory.obj</name>
      </input_file>
      <input_file id="fl-4b">
         <path>C:\ti\ccsv6\tools\compiler\c5500_4.4.1\lib\</path>
         <kind>archive</kind>
         <file>rts55x.lib</file>
         <name>fclose.obj</name>
      </input_file>
      <input_file id="fl-4c">
         <path>C:\ti\ccsv6\tools\compiler\c5500_4.4.1\lib\</path>
         <kind>archive</kind>
         <file>rts55x.lib</file>
         <name>remove.obj</name>
      </input_file>
   </input_file_list>
   <object_component_list>
      <object_component id="oc-c3">
         <name>.text</name>
         <load_address>0x20000</load_address>
         <run_address>0x20000</run_address>
         <size>0x15a4</size>
         <input_file_ref idref="fl-2c"/>
      </object_component>
      <object_component id="oc-7b">
         <name>.text</name>
         <load_address>0x215a4</load_address>
         <run_address>0x215a4</run_address>
         <size>0xc3c</size>
         <input_file_ref idref="fl-1c"/>
      </object_component>
      <object_component id="oc-65">
         <name>.text</name>
         <load_address>0x221e0</load_address>
         <run_address>0x221e0</run_address>
         <size>0xb18</size>
         <input_file_ref idref="fl-18"/>
      </object_component>
      <object_component id="oc-74">
         <name>.text</name>
         <load_address>0x22cf8</load_address>
         <run_address>0x22cf8</run_address>
         <size>0x9f3</size>
         <input_file_ref idref="fl-1b"/>
      </object_component>
      <object_component id="oc-81">
         <name>.text</name>
         <load_address>0x236eb</load_address>
         <run_address>0x236eb</run_address>
         <size>0x68d</size>
         <input_file_ref idref="fl-1d"/>
      </object_component>
      <object_component id="oc-18">
         <name>.text</name>
         <load_address>0x23d78</load_address>
         <run_address>0x23d78</run_address>
         <size>0x5b5</size>
         <input_file_ref idref="fl-3"/>
      </object_component>
      <object_component id="oc-6e">
         <name>.text</name>
         <load_address>0x2432d</load_address>
         <run_address>0x2432d</run_address>
         <size>0x554</size>
         <input_file_ref idref="fl-1a"/>
      </object_component>
      <object_component id="oc-101">
         <name>.text</name>
         <load_address>0x24881</load_address>
         <run_address>0x24881</run_address>
         <size>0x543</size>
         <input_file_ref idref="fl-3b"/>
      </object_component>
      <object_component id="oc-11b">
         <name>.text</name>
         <load_address>0x24dc4</load_address>
         <run_address>0x24dc4</run_address>
         <size>0x528</size>
         <input_file_ref idref="fl-41"/>
      </object_component>
      <object_component id="oc-144">
         <name>.text</name>
         <load_address>0x252ec</load_address>
         <run_address>0x252ec</run_address>
         <size>0x4b5</size>
         <input_file_ref idref="fl-4a"/>
      </object_component>
      <object_component id="oc-df">
         <name>.text</name>
         <load_address>0x257a1</load_address>
         <run_address>0x257a1</run_address>
         <size>0x3cc</size>
         <input_file_ref idref="fl-33"/>
      </object_component>
      <object_component id="oc-2a">
         <name>.text</name>
         <load_address>0x25b6d</load_address>
         <run_address>0x25b6d</run_address>
         <size>0x363</size>
         <input_file_ref idref="fl-6"/>
      </object_component>
      <object_component id="oc-1e">
         <name>.text</name>
         <load_address>0x25ed0</load_address>
         <run_address>0x25ed0</run_address>
         <size>0x31b</size>
         <input_file_ref idref="fl-4"/>
      </object_component>
      <object_component id="oc-32">
         <name>.text</name>
         <load_address>0x261eb</load_address>
         <run_address>0x261eb</run_address>
         <size>0x2d2</size>
         <input_file_ref idref="fl-7"/>
      </object_component>
      <object_component id="oc-13e">
         <name>.text</name>
         <load_address>0x264bd</load_address>
         <run_address>0x264bd</run_address>
         <size>0x27f</size>
         <input_file_ref idref="fl-49"/>
      </object_component>
      <object_component id="oc-fd">
         <name>.text</name>
         <load_address>0x2673c</load_address>
         <run_address>0x2673c</run_address>
         <size>0x25e</size>
         <input_file_ref idref="fl-3a"/>
      </object_component>
      <object_component id="oc-86">
         <name>.text</name>
         <load_address>0x2699a</load_address>
         <run_address>0x2699a</run_address>
         <size>0x25a</size>
         <input_file_ref idref="fl-1e"/>
      </object_component>
      <object_component id="oc-38">
         <name>.text</name>
         <load_address>0x26bf4</load_address>
         <run_address>0x26bf4</run_address>
         <size>0x256</size>
         <input_file_ref idref="fl-8"/>
      </object_component>
      <object_component id="oc-d5">
         <name>.text</name>
         <load_address>0x26e4a</load_address>
         <run_address>0x26e4a</run_address>
         <size>0x1ea</size>
         <input_file_ref idref="fl-30"/>
      </object_component>
      <object_component id="oc-45">
         <name>.text</name>
         <load_address>0x27034</load_address>
         <run_address>0x27034</run_address>
         <size>0x192</size>
         <input_file_ref idref="fl-12"/>
      </object_component>
      <object_component id="oc-3e">
         <name>.text</name>
         <load_address>0x271c6</load_address>
         <run_address>0x271c6</run_address>
         <size>0x17a</size>
         <input_file_ref idref="fl-11"/>
      </object_component>
      <object_component id="oc-ec">
         <name>.text</name>
         <load_address>0x27340</load_address>
         <run_address>0x27340</run_address>
         <size>0x163</size>
         <input_file_ref idref="fl-36"/>
      </object_component>
      <object_component id="oc-a9">
         <name>.text</name>
         <load_address>0x274a3</load_address>
         <run_address>0x274a3</run_address>
         <size>0x14c</size>
         <input_file_ref idref="fl-26"/>
      </object_component>
      <object_component id="oc-25">
         <name>.text</name>
         <load_address>0x275ef</load_address>
         <run_address>0x275ef</run_address>
         <size>0x120</size>
         <input_file_ref idref="fl-5"/>
      </object_component>
      <object_component id="oc-4a">
         <name>.text</name>
         <load_address>0x2770f</load_address>
         <run_address>0x2770f</run_address>
         <size>0x107</size>
         <input_file_ref idref="fl-13"/>
      </object_component>
      <object_component id="oc-13a">
         <name>.text</name>
         <load_address>0x27816</load_address>
         <run_address>0x27816</run_address>
         <size>0xe6</size>
         <input_file_ref idref="fl-48"/>
      </object_component>
      <object_component id="oc-12a">
         <name>.text</name>
         <load_address>0x278fc</load_address>
         <run_address>0x278fc</run_address>
         <size>0xdd</size>
         <input_file_ref idref="fl-44"/>
      </object_component>
      <object_component id="oc-21">
         <name>.text:retain</name>
         <load_address>0x279d9</load_address>
         <run_address>0x279d9</run_address>
         <size>0xcc</size>
         <input_file_ref idref="fl-4"/>
      </object_component>
      <object_component id="oc-12">
         <name>.text</name>
         <load_address>0x27aa5</load_address>
         <run_address>0x27aa5</run_address>
         <size>0xc3</size>
         <input_file_ref idref="fl-2"/>
      </object_component>
      <object_component id="oc-132">
         <name>.text</name>
         <load_address>0x27b68</load_address>
         <run_address>0x27b68</run_address>
         <size>0xc2</size>
         <input_file_ref idref="fl-46"/>
      </object_component>
      <object_component id="oc-123">
         <name>.text:CIO_breakpoint</name>
         <load_address>0x27c2a</load_address>
         <run_address>0x27c2a</run_address>
         <size>0xba</size>
         <input_file_ref idref="fl-42"/>
      </object_component>
      <object_component id="oc-e8">
         <name>.text</name>
         <load_address>0x27ce4</load_address>
         <run_address>0x27ce4</run_address>
         <size>0xa6</size>
         <input_file_ref idref="fl-35"/>
      </object_component>
      <object_component id="oc-8e">
         <name>.text</name>
         <load_address>0x27d8a</load_address>
         <run_address>0x27d8a</run_address>
         <size>0xa1</size>
         <input_file_ref idref="fl-20"/>
      </object_component>
      <object_component id="oc-50">
         <name>.text</name>
         <load_address>0x27e2b</load_address>
         <run_address>0x27e2b</run_address>
         <size>0x8e</size>
         <input_file_ref idref="fl-14"/>
      </object_component>
      <object_component id="oc-6a">
         <name>.text</name>
         <load_address>0x27eb9</load_address>
         <run_address>0x27eb9</run_address>
         <size>0x8c</size>
         <input_file_ref idref="fl-19"/>
      </object_component>
      <object_component id="oc-55">
         <name>.text</name>
         <load_address>0x27f45</load_address>
         <run_address>0x27f45</run_address>
         <size>0x87</size>
         <input_file_ref idref="fl-15"/>
      </object_component>
      <object_component id="oc-107">
         <name>.text</name>
         <load_address>0x27fcc</load_address>
         <run_address>0x27fcc</run_address>
         <size>0x7d</size>
         <input_file_ref idref="fl-3c"/>
      </object_component>
      <object_component id="oc-14b">
         <name>.text</name>
         <load_address>0x28049</load_address>
         <run_address>0x28049</run_address>
         <size>0x7b</size>
         <input_file_ref idref="fl-4b"/>
      </object_component>
      <object_component id="oc-f1">
         <name>.text</name>
         <load_address>0x280c4</load_address>
         <run_address>0x280c4</run_address>
         <size>0x76</size>
         <input_file_ref idref="fl-37"/>
      </object_component>
      <object_component id="oc-f5">
         <name>.text</name>
         <load_address>0x2813a</load_address>
         <run_address>0x2813a</run_address>
         <size>0x73</size>
         <input_file_ref idref="fl-38"/>
      </object_component>
      <object_component id="oc-b5">
         <name>.text</name>
         <load_address>0x281ad</load_address>
         <run_address>0x281ad</run_address>
         <size>0x72</size>
         <input_file_ref idref="fl-29"/>
      </object_component>
      <object_component id="oc-9d">
         <name>.text</name>
         <load_address>0x2821f</load_address>
         <run_address>0x2821f</run_address>
         <size>0x6f</size>
         <input_file_ref idref="fl-23"/>
      </object_component>
      <object_component id="oc-60">
         <name>.text</name>
         <load_address>0x2828e</load_address>
         <run_address>0x2828e</run_address>
         <size>0x6d</size>
         <input_file_ref idref="fl-17"/>
      </object_component>
      <object_component id="oc-120">
         <name>.text</name>
         <load_address>0x282fb</load_address>
         <run_address>0x282fb</run_address>
         <size>0x6d</size>
         <input_file_ref idref="fl-42"/>
      </object_component>
      <object_component id="oc-136">
         <name>.text</name>
         <load_address>0x28368</load_address>
         <run_address>0x28368</run_address>
         <size>0x6b</size>
         <input_file_ref idref="fl-47"/>
      </object_component>
      <object_component id="oc-e3">
         <name>.text</name>
         <load_address>0x283d3</load_address>
         <run_address>0x283d3</run_address>
         <size>0x67</size>
         <input_file_ref idref="fl-34"/>
      </object_component>
      <object_component id="oc-cd">
         <name>.text</name>
         <load_address>0x2843a</load_address>
         <run_address>0x2843a</run_address>
         <size>0x5c</size>
         <input_file_ref idref="fl-2e"/>
      </object_component>
      <object_component id="oc-5b">
         <name>.text</name>
         <load_address>0x28496</load_address>
         <run_address>0x28496</run_address>
         <size>0x54</size>
         <input_file_ref idref="fl-16"/>
      </object_component>
      <object_component id="oc-b1">
         <name>.text</name>
         <load_address>0x284ea</load_address>
         <run_address>0x284ea</run_address>
         <size>0x50</size>
         <input_file_ref idref="fl-28"/>
      </object_component>
      <object_component id="oc-d1">
         <name>.text</name>
         <load_address>0x2853a</load_address>
         <run_address>0x2853a</run_address>
         <size>0x4d</size>
         <input_file_ref idref="fl-2f"/>
      </object_component>
      <object_component id="oc-c9">
         <name>.text</name>
         <load_address>0x28587</load_address>
         <run_address>0x28587</run_address>
         <size>0x4b</size>
         <input_file_ref idref="fl-2d"/>
      </object_component>
      <object_component id="oc-113">
         <name>.text</name>
         <load_address>0x285d2</load_address>
         <run_address>0x285d2</run_address>
         <size>0x4b</size>
         <input_file_ref idref="fl-3f"/>
      </object_component>
      <object_component id="oc-12e">
         <name>.text</name>
         <load_address>0x2861d</load_address>
         <run_address>0x2861d</run_address>
         <size>0x48</size>
         <input_file_ref idref="fl-45"/>
      </object_component>
      <object_component id="oc-10f">
         <name>.text</name>
         <load_address>0x28665</load_address>
         <run_address>0x28665</run_address>
         <size>0x3f</size>
         <input_file_ref idref="fl-3e"/>
      </object_component>
      <object_component id="oc-92">
         <name>.text</name>
         <load_address>0x286a4</load_address>
         <run_address>0x286a4</run_address>
         <size>0x3e</size>
         <input_file_ref idref="fl-21"/>
      </object_component>
      <object_component id="oc-a1">
         <name>.text</name>
         <load_address>0x286e2</load_address>
         <run_address>0x286e2</run_address>
         <size>0x3c</size>
         <input_file_ref idref="fl-24"/>
      </object_component>
      <object_component id="oc-10">
         <name>.text</name>
         <load_address>0x2871e</load_address>
         <run_address>0x2871e</run_address>
         <size>0x34</size>
         <input_file_ref idref="fl-1f"/>
      </object_component>
      <object_component id="oc-99">
         <name>.text</name>
         <load_address>0x28752</load_address>
         <run_address>0x28752</run_address>
         <size>0x2a</size>
         <input_file_ref idref="fl-22"/>
      </object_component>
      <object_component id="oc-126">
         <name>.text</name>
         <load_address>0x2877c</load_address>
         <run_address>0x2877c</run_address>
         <size>0x2a</size>
         <input_file_ref idref="fl-43"/>
      </object_component>
      <object_component id="oc-10b">
         <name>.text</name>
         <load_address>0x287a6</load_address>
         <run_address>0x287a6</run_address>
         <size>0x23</size>
         <input_file_ref idref="fl-3d"/>
      </object_component>
      <object_component id="oc-f9">
         <name>.text</name>
         <load_address>0x287c9</load_address>
         <run_address>0x287c9</run_address>
         <size>0x1a</size>
         <input_file_ref idref="fl-39"/>
      </object_component>
      <object_component id="oc-117">
         <name>.text</name>
         <load_address>0x287e3</load_address>
         <run_address>0x287e3</run_address>
         <size>0x14</size>
         <input_file_ref idref="fl-40"/>
      </object_component>
      <object_component id="oc-a5">
         <name>.text</name>
         <load_address>0x287f7</load_address>
         <run_address>0x287f7</run_address>
         <size>0x13</size>
         <input_file_ref idref="fl-25"/>
      </object_component>
      <object_component id="oc-bd">
         <name>.text</name>
         <load_address>0x2880a</load_address>
         <run_address>0x2880a</run_address>
         <size>0x12</size>
         <input_file_ref idref="fl-2b"/>
      </object_component>
      <object_component id="oc-ad">
         <name>.text</name>
         <load_address>0x2881c</load_address>
         <run_address>0x2881c</run_address>
         <size>0x10</size>
         <input_file_ref idref="fl-27"/>
      </object_component>
      <object_component id="oc-14f">
         <name>.text</name>
         <load_address>0x2882c</load_address>
         <run_address>0x2882c</run_address>
         <size>0xa</size>
         <input_file_ref idref="fl-4c"/>
      </object_component>
      <object_component id="oc-96">
         <name>.text:CIO_breakpoint</name>
         <load_address>0x28836</load_address>
         <run_address>0x28836</run_address>
         <size>0x7</size>
         <input_file_ref idref="fl-21"/>
      </object_component>
      <object_component id="oc-b9">
         <name>.text</name>
         <load_address>0x2883d</load_address>
         <run_address>0x2883d</run_address>
         <size>0x2</size>
         <input_file_ref idref="fl-2a"/>
      </object_component>
      <object_component id="oc-8a">
         <name>.stack</name>
         <uninitialized>true</uninitialized>
         <run_address>0xc0</run_address>
         <size>0x0</size>
         <input_file_ref idref="fl-1f"/>
      </object_component>
      <object_component id="oc-16f">
         <name>.stack</name>
         <uninitialized>true</uninitialized>
         <run_address>0xc0</run_address>
         <size>0x0</size>
      </object_component>
      <object_component id="oc-153">
         <name>.sysstack</name>
         <uninitialized>true</uninitialized>
         <run_address>0x20c0</run_address>
         <size>0x0</size>
         <input_file_ref idref="fl-1f"/>
      </object_component>
      <object_component id="oc-171">
         <name>.sysstack</name>
         <uninitialized>true</uninitialized>
         <run_address>0x20c0</run_address>
         <size>0x0</size>
      </object_component>
      <object_component id="oc-1f">
         <name>.bss</name>
         <uninitialized>true</uninitialized>
         <run_address>0x50c0</run_address>
         <size>0x810</size>
         <input_file_ref idref="fl-4"/>
      </object_component>
      <object_component id="oc-2b">
         <name>.bss</name>
         <uninitialized>true</uninitialized>
         <run_address>0x58d0</run_address>
         <size>0x5a0</size>
         <input_file_ref idref="fl-6"/>
      </object_component>
      <object_component id="oc-db">
         <name>.bss</name>
         <uninitialized>true</uninitialized>
         <run_address>0x5e70</run_address>
         <size>0x232</size>
         <input_file_ref idref="fl-32"/>
      </object_component>
      <object_component id="oc-11c">
         <name>.bss</name>
         <uninitialized>true</uninitialized>
         <run_address>0x60a2</run_address>
         <size>0x1a0</size>
         <input_file_ref idref="fl-41"/>
      </object_component>
      <object_component id="oc-13f">
         <name>.bss</name>
         <uninitialized>true</uninitialized>
         <run_address>0x6242</run_address>
         <size>0x2</size>
         <input_file_ref idref="fl-49"/>
      </object_component>
      <object_component id="oc-6f">
         <name>.bss</name>
         <uninitialized>true</uninitialized>
         <run_address>0x6244</run_address>
         <size>0x108</size>
         <input_file_ref idref="fl-1a"/>
      </object_component>
      <object_component id="oc-102">
         <name>.bss</name>
         <uninitialized>true</uninitialized>
         <run_address>0x634c</run_address>
         <size>0xe2</size>
         <input_file_ref idref="fl-3b"/>
      </object_component>
      <object_component id="oc-75">
         <name>.bss</name>
         <uninitialized>true</uninitialized>
         <run_address>0x642e</run_address>
         <size>0x54</size>
         <input_file_ref idref="fl-1b"/>
      </object_component>
      <object_component id="oc-7c">
         <name>.bss</name>
         <uninitialized>true</uninitialized>
         <run_address>0x6484</run_address>
         <size>0x24</size>
         <input_file_ref idref="fl-1c"/>
      </object_component>
      <object_component id="oc-3f">
         <name>.bss</name>
         <uninitialized>true</uninitialized>
         <run_address>0x64a8</run_address>
         <size>0x10</size>
         <input_file_ref idref="fl-11"/>
      </object_component>
      <object_component id="oc-145">
         <name>.bss</name>
         <uninitialized>true</uninitialized>
         <run_address>0x64b8</run_address>
         <size>0xc</size>
         <input_file_ref idref="fl-4a"/>
      </object_component>
      <object_component id="oc-56">
         <name>.bss</name>
         <uninitialized>true</uninitialized>
         <run_address>0x64c4</run_address>
         <size>0x8</size>
         <input_file_ref idref="fl-15"/>
      </object_component>
      <object_component id="oc-be">
         <name>.bss</name>
         <uninitialized>true</uninitialized>
         <run_address>0x64cc</run_address>
         <size>0x8</size>
         <input_file_ref idref="fl-2b"/>
      </object_component>
      <object_component id="oc-93">
         <name>.bss</name>
         <uninitialized>true</uninitialized>
         <run_address>0x64d4</run_address>
         <size>0x8</size>
         <input_file_ref idref="fl-21"/>
      </object_component>
      <object_component id="oc-13">
         <name>.bss</name>
         <uninitialized>true</uninitialized>
         <run_address>0x64dc</run_address>
         <size>0x4</size>
         <input_file_ref idref="fl-2"/>
      </object_component>
      <object_component id="oc-4b">
         <name>.bss</name>
         <uninitialized>true</uninitialized>
         <run_address>0x64e0</run_address>
         <size>0x4</size>
         <input_file_ref idref="fl-13"/>
      </object_component>
      <object_component id="oc-1a">
         <name>.const:.string</name>
         <load_address>0x64e4</load_address>
         <run_address>0x64e4</run_address>
         <size>0x2e8</size>
         <input_file_ref idref="fl-3"/>
      </object_component>
      <object_component id="oc-156">
         <name>.const:__ctypes_</name>
         <load_address>0x67cc</load_address>
         <run_address>0x67cc</run_address>
         <size>0x202</size>
         <input_file_ref idref="fl-31"/>
      </object_component>
      <object_component id="oc-155">
         <name>.const:_consolas_8ptBitmaps</name>
         <load_address>0x69ce</load_address>
         <run_address>0x69ce</run_address>
         <size>0xc0</size>
         <input_file_ref idref="fl-7"/>
      </object_component>
      <object_component id="oc-34">
         <name>.const</name>
         <load_address>0x6a8e</load_address>
         <run_address>0x6a8e</run_address>
         <size>0x2</size>
         <input_file_ref idref="fl-7"/>
      </object_component>
      <object_component id="oc-c6">
         <name>.const:.string</name>
         <load_address>0x6a90</load_address>
         <run_address>0x6a90</run_address>
         <size>0x48</size>
         <input_file_ref idref="fl-2c"/>
      </object_component>
      <object_component id="oc-2e">
         <name>.const:.string</name>
         <load_address>0x6ad8</load_address>
         <run_address>0x6ad8</run_address>
         <size>0x3e</size>
         <input_file_ref idref="fl-6"/>
      </object_component>
      <object_component id="oc-c5">
         <name>.const</name>
         <load_address>0x6b18</load_address>
         <run_address>0x6b18</run_address>
         <size>0x18</size>
         <input_file_ref idref="fl-2c"/>
      </object_component>
      <object_component id="oc-3a">
         <name>.const</name>
         <load_address>0x6b30</load_address>
         <run_address>0x6b30</run_address>
         <size>0x14</size>
         <input_file_ref idref="fl-8"/>
      </object_component>
      <object_component id="oc-157">
         <name>.const:_initial_approx$1</name>
         <load_address>0x6b44</load_address>
         <run_address>0x6b44</run_address>
         <size>0x10</size>
         <input_file_ref idref="fl-33"/>
      </object_component>
      <object_component id="oc-ee">
         <name>.const:.string</name>
         <load_address>0x6b54</load_address>
         <run_address>0x6b54</run_address>
         <size>0x4</size>
         <input_file_ref idref="fl-36"/>
      </object_component>
      <object_component id="oc-e5">
         <name>.const</name>
         <load_address>0x6b58</load_address>
         <run_address>0x6b58</run_address>
         <size>0x4</size>
         <input_file_ref idref="fl-34"/>
      </object_component>
      <object_component id="oc-148">
         <name>.sysmem</name>
         <uninitialized>true</uninitialized>
         <run_address>0x30c0</run_address>
         <size>0x0</size>
         <input_file_ref idref="fl-4a"/>
      </object_component>
      <object_component id="oc-170">
         <name>.sysmem</name>
         <uninitialized>true</uninitialized>
         <run_address>0x30c0</run_address>
         <size>0x0</size>
      </object_component>
      <object_component id="oc-154">
         <name>.switch:_printChar</name>
         <load_address>0x40440</load_address>
         <run_address>0x40440</run_address>
         <size>0x28</size>
         <input_file_ref idref="fl-7"/>
      </object_component>
      <object_component id="oc-2d">
         <name>.cinit</name>
         <load_address>0x40240</load_address>
         <run_address>0x40240</run_address>
         <size>0xf0</size>
         <input_file_ref idref="fl-6"/>
      </object_component>
      <object_component id="oc-104">
         <name>.cinit</name>
         <load_address>0x40330</load_address>
         <run_address>0x40330</run_address>
         <size>0x5a</size>
         <input_file_ref idref="fl-3b"/>
      </object_component>
      <object_component id="oc-dd">
         <name>.cinit</name>
         <load_address>0x4038a</load_address>
         <run_address>0x4038a</run_address>
         <size>0x54</size>
         <input_file_ref idref="fl-32"/>
      </object_component>
      <object_component id="oc-41">
         <name>.cinit</name>
         <load_address>0x403de</load_address>
         <run_address>0x403de</run_address>
         <size>0x18</size>
         <input_file_ref idref="fl-11"/>
      </object_component>
      <object_component id="oc-c0">
         <name>.cinit</name>
         <load_address>0x403f6</load_address>
         <run_address>0x403f6</run_address>
         <size>0x14</size>
         <input_file_ref idref="fl-2b"/>
      </object_component>
      <object_component id="oc-95">
         <name>.cinit</name>
         <load_address>0x4040a</load_address>
         <run_address>0x4040a</run_address>
         <size>0x14</size>
         <input_file_ref idref="fl-21"/>
      </object_component>
      <object_component id="oc-77">
         <name>.cinit</name>
         <load_address>0x4041e</load_address>
         <run_address>0x4041e</run_address>
         <size>0x10</size>
         <input_file_ref idref="fl-1b"/>
      </object_component>
      <object_component id="oc-141">
         <name>.cinit</name>
         <load_address>0x4042e</load_address>
         <run_address>0x4042e</run_address>
         <size>0x8</size>
         <input_file_ref idref="fl-49"/>
      </object_component>
      <object_component id="oc-147">
         <name>.cinit</name>
         <load_address>0x40436</load_address>
         <run_address>0x40436</run_address>
         <size>0x8</size>
         <input_file_ref idref="fl-4a"/>
      </object_component>
      <object_component id="oc-122">
         <name>.cio</name>
         <uninitialized>true</uninitialized>
         <run_address>0x40000</run_address>
         <size>0x240</size>
         <input_file_ref idref="fl-42"/>
      </object_component>
      <object_component id="oc-61">
         <name>vectors</name>
         <load_address>0x4fe00</load_address>
         <run_address>0x4fe00</run_address>
         <size>0x100</size>
         <input_file_ref idref="fl-17"/>
      </object_component>
      <object_component id="oc-11">
         <name>vectors</name>
         <load_address>0x4ff00</load_address>
         <run_address>0x4ff00</run_address>
         <size>0x100</size>
         <input_file_ref idref="fl-2a"/>
      </object_component>
      <object_component id="oc-14">
         <name>.debug_info</name>
         <load_address>0x0</load_address>
         <run_address>0x0</run_address>
         <size>0xc6a</size>
         <input_file_ref idref="fl-2"/>
      </object_component>
      <object_component id="oc-19">
         <name>.debug_info</name>
         <load_address>0xc6a</load_address>
         <run_address>0xc6a</run_address>
         <size>0x1bc1</size>
         <input_file_ref idref="fl-3"/>
      </object_component>
      <object_component id="oc-20">
         <name>.debug_info</name>
         <load_address>0x282b</load_address>
         <run_address>0x282b</run_address>
         <size>0x1054</size>
         <input_file_ref idref="fl-4"/>
      </object_component>
      <object_component id="oc-26">
         <name>.debug_info</name>
         <load_address>0x387f</load_address>
         <run_address>0x387f</run_address>
         <size>0x771</size>
         <input_file_ref idref="fl-5"/>
      </object_component>
      <object_component id="oc-2c">
         <name>.debug_info</name>
         <load_address>0x3ff0</load_address>
         <run_address>0x3ff0</run_address>
         <size>0x1339</size>
         <input_file_ref idref="fl-6"/>
      </object_component>
      <object_component id="oc-33">
         <name>.debug_info</name>
         <load_address>0x5329</load_address>
         <run_address>0x5329</run_address>
         <size>0xcf3</size>
         <input_file_ref idref="fl-7"/>
      </object_component>
      <object_component id="oc-39">
         <name>.debug_info</name>
         <load_address>0x601c</load_address>
         <run_address>0x601c</run_address>
         <size>0xc6e</size>
         <input_file_ref idref="fl-8"/>
      </object_component>
      <object_component id="oc-40">
         <name>.debug_info</name>
         <load_address>0x6c8a</load_address>
         <run_address>0x6c8a</run_address>
         <size>0x6384</size>
         <input_file_ref idref="fl-11"/>
      </object_component>
      <object_component id="oc-46">
         <name>.debug_info</name>
         <load_address>0xd00e</load_address>
         <run_address>0xd00e</run_address>
         <size>0x5f6b</size>
         <input_file_ref idref="fl-12"/>
      </object_component>
      <object_component id="oc-4c">
         <name>.debug_info</name>
         <load_address>0x12f79</load_address>
         <run_address>0x12f79</run_address>
         <size>0x6979</size>
         <input_file_ref idref="fl-13"/>
      </object_component>
      <object_component id="oc-51">
         <name>.debug_info</name>
         <load_address>0x198f2</load_address>
         <run_address>0x198f2</run_address>
         <size>0x65d7</size>
         <input_file_ref idref="fl-14"/>
      </object_component>
      <object_component id="oc-57">
         <name>.debug_info</name>
         <load_address>0x1fec9</load_address>
         <run_address>0x1fec9</run_address>
         <size>0x63d2</size>
         <input_file_ref idref="fl-15"/>
      </object_component>
      <object_component id="oc-5c">
         <name>.debug_info</name>
         <load_address>0x2629b</load_address>
         <run_address>0x2629b</run_address>
         <size>0x5896</size>
         <input_file_ref idref="fl-16"/>
      </object_component>
      <object_component id="oc-62">
         <name>.debug_info</name>
         <load_address>0x2bb31</load_address>
         <run_address>0x2bb31</run_address>
         <size>0x1a4</size>
         <input_file_ref idref="fl-17"/>
      </object_component>
      <object_component id="oc-66">
         <name>.debug_info</name>
         <load_address>0x2bcd5</load_address>
         <run_address>0x2bcd5</run_address>
         <size>0x6ebb</size>
         <input_file_ref idref="fl-18"/>
      </object_component>
      <object_component id="oc-6b">
         <name>.debug_info</name>
         <load_address>0x32b90</load_address>
         <run_address>0x32b90</run_address>
         <size>0x18e</size>
         <input_file_ref idref="fl-19"/>
      </object_component>
      <object_component id="oc-70">
         <name>.debug_info</name>
         <load_address>0x32d1e</load_address>
         <run_address>0x32d1e</run_address>
         <size>0x6f61</size>
         <input_file_ref idref="fl-1a"/>
      </object_component>
      <object_component id="oc-76">
         <name>.debug_info</name>
         <load_address>0x39c7f</load_address>
         <run_address>0x39c7f</run_address>
         <size>0x710f</size>
         <input_file_ref idref="fl-1b"/>
      </object_component>
      <object_component id="oc-7d">
         <name>.debug_info</name>
         <load_address>0x40d8e</load_address>
         <run_address>0x40d8e</run_address>
         <size>0x7424</size>
         <input_file_ref idref="fl-1c"/>
      </object_component>
      <object_component id="oc-82">
         <name>.debug_info</name>
         <load_address>0x481b2</load_address>
         <run_address>0x481b2</run_address>
         <size>0x6ced</size>
         <input_file_ref idref="fl-1d"/>
      </object_component>
      <object_component id="oc-87">
         <name>.debug_info</name>
         <load_address>0x4ee9f</load_address>
         <run_address>0x4ee9f</run_address>
         <size>0x5ab</size>
         <input_file_ref idref="fl-1e"/>
      </object_component>
      <object_component id="oc-8b">
         <name>.debug_info</name>
         <load_address>0x4f44a</load_address>
         <run_address>0x4f44a</run_address>
         <size>0xe8</size>
         <input_file_ref idref="fl-1f"/>
      </object_component>
      <object_component id="oc-8f">
         <name>.debug_info</name>
         <load_address>0x4f532</load_address>
         <run_address>0x4f532</run_address>
         <size>0x534</size>
         <input_file_ref idref="fl-20"/>
      </object_component>
      <object_component id="oc-94">
         <name>.debug_info</name>
         <load_address>0x4fa66</load_address>
         <run_address>0x4fa66</run_address>
         <size>0x5fb</size>
         <input_file_ref idref="fl-21"/>
      </object_component>
      <object_component id="oc-9a">
         <name>.debug_info</name>
         <load_address>0x50061</load_address>
         <run_address>0x50061</run_address>
         <size>0x4cf</size>
         <input_file_ref idref="fl-22"/>
      </object_component>
      <object_component id="oc-9e">
         <name>.debug_info</name>
         <load_address>0x50530</load_address>
         <run_address>0x50530</run_address>
         <size>0x534</size>
         <input_file_ref idref="fl-23"/>
      </object_component>
      <object_component id="oc-a2">
         <name>.debug_info</name>
         <load_address>0x50a64</load_address>
         <run_address>0x50a64</run_address>
         <size>0xeb</size>
         <input_file_ref idref="fl-24"/>
      </object_component>
      <object_component id="oc-a6">
         <name>.debug_info</name>
         <load_address>0x50b4f</load_address>
         <run_address>0x50b4f</run_address>
         <size>0xbd</size>
         <input_file_ref idref="fl-25"/>
      </object_component>
      <object_component id="oc-aa">
         <name>.debug_info</name>
         <load_address>0x50c0c</load_address>
         <run_address>0x50c0c</run_address>
         <size>0x55b</size>
         <input_file_ref idref="fl-26"/>
      </object_component>
      <object_component id="oc-ae">
         <name>.debug_info</name>
         <load_address>0x51167</load_address>
         <run_address>0x51167</run_address>
         <size>0x4b7</size>
         <input_file_ref idref="fl-27"/>
      </object_component>
      <object_component id="oc-b2">
         <name>.debug_info</name>
         <load_address>0x5161e</load_address>
         <run_address>0x5161e</run_address>
         <size>0x76c</size>
         <input_file_ref idref="fl-28"/>
      </object_component>
      <object_component id="oc-b6">
         <name>.debug_info</name>
         <load_address>0x51d8a</load_address>
         <run_address>0x51d8a</run_address>
         <size>0x534</size>
         <input_file_ref idref="fl-29"/>
      </object_component>
      <object_component id="oc-ba">
         <name>.debug_info</name>
         <load_address>0x522be</load_address>
         <run_address>0x522be</run_address>
         <size>0xbc</size>
         <input_file_ref idref="fl-2a"/>
      </object_component>
      <object_component id="oc-bf">
         <name>.debug_info</name>
         <load_address>0x5237a</load_address>
         <run_address>0x5237a</run_address>
         <size>0x5bc</size>
         <input_file_ref idref="fl-2b"/>
      </object_component>
      <object_component id="oc-c4">
         <name>.debug_info</name>
         <load_address>0x52936</load_address>
         <run_address>0x52936</run_address>
         <size>0x27bd</size>
         <input_file_ref idref="fl-2c"/>
      </object_component>
      <object_component id="oc-ca">
         <name>.debug_info</name>
         <load_address>0x550f3</load_address>
         <run_address>0x550f3</run_address>
         <size>0x586</size>
         <input_file_ref idref="fl-2d"/>
      </object_component>
      <object_component id="oc-ce">
         <name>.debug_info</name>
         <load_address>0x55679</load_address>
         <run_address>0x55679</run_address>
         <size>0x5a4</size>
         <input_file_ref idref="fl-2e"/>
      </object_component>
      <object_component id="oc-d2">
         <name>.debug_info</name>
         <load_address>0x55c1d</load_address>
         <run_address>0x55c1d</run_address>
         <size>0xcd</size>
         <input_file_ref idref="fl-2f"/>
      </object_component>
      <object_component id="oc-d6">
         <name>.debug_info</name>
         <load_address>0x55cea</load_address>
         <run_address>0x55cea</run_address>
         <size>0x81f</size>
         <input_file_ref idref="fl-30"/>
      </object_component>
      <object_component id="oc-d9">
         <name>.debug_info</name>
         <load_address>0x56509</load_address>
         <run_address>0x56509</run_address>
         <size>0x498</size>
         <input_file_ref idref="fl-31"/>
      </object_component>
      <object_component id="oc-dc">
         <name>.debug_info</name>
         <load_address>0x569a1</load_address>
         <run_address>0x569a1</run_address>
         <size>0x57e</size>
         <input_file_ref idref="fl-32"/>
      </object_component>
      <object_component id="oc-e0">
         <name>.debug_info</name>
         <load_address>0x56f1f</load_address>
         <run_address>0x56f1f</run_address>
         <size>0x7e8</size>
         <input_file_ref idref="fl-33"/>
      </object_component>
      <object_component id="oc-e4">
         <name>.debug_info</name>
         <load_address>0x57707</load_address>
         <run_address>0x57707</run_address>
         <size>0x549</size>
         <input_file_ref idref="fl-34"/>
      </object_component>
      <object_component id="oc-e9">
         <name>.debug_info</name>
         <load_address>0x57c50</load_address>
         <run_address>0x57c50</run_address>
         <size>0x6aa</size>
         <input_file_ref idref="fl-35"/>
      </object_component>
      <object_component id="oc-ed">
         <name>.debug_info</name>
         <load_address>0x582fa</load_address>
         <run_address>0x582fa</run_address>
         <size>0x942</size>
         <input_file_ref idref="fl-36"/>
      </object_component>
      <object_component id="oc-f2">
         <name>.debug_info</name>
         <load_address>0x58c3c</load_address>
         <run_address>0x58c3c</run_address>
         <size>0x4d2</size>
         <input_file_ref idref="fl-37"/>
      </object_component>
      <object_component id="oc-f6">
         <name>.debug_info</name>
         <load_address>0x5910e</load_address>
         <run_address>0x5910e</run_address>
         <size>0x53e</size>
         <input_file_ref idref="fl-38"/>
      </object_component>
      <object_component id="oc-fa">
         <name>.debug_info</name>
         <load_address>0x5964c</load_address>
         <run_address>0x5964c</run_address>
         <size>0x680</size>
         <input_file_ref idref="fl-39"/>
      </object_component>
      <object_component id="oc-fe">
         <name>.debug_info</name>
         <load_address>0x59ccc</load_address>
         <run_address>0x59ccc</run_address>
         <size>0x7d4</size>
         <input_file_ref idref="fl-3a"/>
      </object_component>
      <object_component id="oc-103">
         <name>.debug_info</name>
         <load_address>0x5a4a0</load_address>
         <run_address>0x5a4a0</run_address>
         <size>0x144b</size>
         <input_file_ref idref="fl-3b"/>
      </object_component>
      <object_component id="oc-108">
         <name>.debug_info</name>
         <load_address>0x5b8eb</load_address>
         <run_address>0x5b8eb</run_address>
         <size>0x5ad</size>
         <input_file_ref idref="fl-3c"/>
      </object_component>
      <object_component id="oc-10c">
         <name>.debug_info</name>
         <load_address>0x5be98</load_address>
         <run_address>0x5be98</run_address>
         <size>0x574</size>
         <input_file_ref idref="fl-3d"/>
      </object_component>
      <object_component id="oc-110">
         <name>.debug_info</name>
         <load_address>0x5c40c</load_address>
         <run_address>0x5c40c</run_address>
         <size>0xd1</size>
         <input_file_ref idref="fl-3e"/>
      </object_component>
      <object_component id="oc-114">
         <name>.debug_info</name>
         <load_address>0x5c4dd</load_address>
         <run_address>0x5c4dd</run_address>
         <size>0x4f2</size>
         <input_file_ref idref="fl-3f"/>
      </object_component>
      <object_component id="oc-118">
         <name>.debug_info</name>
         <load_address>0x5c9cf</load_address>
         <run_address>0x5c9cf</run_address>
         <size>0x4de</size>
         <input_file_ref idref="fl-40"/>
      </object_component>
      <object_component id="oc-11d">
         <name>.debug_info</name>
         <load_address>0x5cead</load_address>
         <run_address>0x5cead</run_address>
         <size>0xed4</size>
         <input_file_ref idref="fl-41"/>
      </object_component>
      <object_component id="oc-121">
         <name>.debug_info</name>
         <load_address>0x5dd81</load_address>
         <run_address>0x5dd81</run_address>
         <size>0x744</size>
         <input_file_ref idref="fl-42"/>
      </object_component>
      <object_component id="oc-127">
         <name>.debug_info</name>
         <load_address>0x5e4c5</load_address>
         <run_address>0x5e4c5</run_address>
         <size>0xef</size>
         <input_file_ref idref="fl-43"/>
      </object_component>
      <object_component id="oc-12b">
         <name>.debug_info</name>
         <load_address>0x5e5b4</load_address>
         <run_address>0x5e5b4</run_address>
         <size>0x662</size>
         <input_file_ref idref="fl-44"/>
      </object_component>
      <object_component id="oc-12f">
         <name>.debug_info</name>
         <load_address>0x5ec16</load_address>
         <run_address>0x5ec16</run_address>
         <size>0x4f2</size>
         <input_file_ref idref="fl-45"/>
      </object_component>
      <object_component id="oc-133">
         <name>.debug_info</name>
         <load_address>0x5f108</load_address>
         <run_address>0x5f108</run_address>
         <size>0x706</size>
         <input_file_ref idref="fl-46"/>
      </object_component>
      <object_component id="oc-137">
         <name>.debug_info</name>
         <load_address>0x5f80e</load_address>
         <run_address>0x5f80e</run_address>
         <size>0x5f7</size>
         <input_file_ref idref="fl-47"/>
      </object_component>
      <object_component id="oc-13b">
         <name>.debug_info</name>
         <load_address>0x5fe05</load_address>
         <run_address>0x5fe05</run_address>
         <size>0x64a</size>
         <input_file_ref idref="fl-48"/>
      </object_component>
      <object_component id="oc-140">
         <name>.debug_info</name>
         <load_address>0x6044f</load_address>
         <run_address>0x6044f</run_address>
         <size>0xa1c</size>
         <input_file_ref idref="fl-49"/>
      </object_component>
      <object_component id="oc-146">
         <name>.debug_info</name>
         <load_address>0x60e6b</load_address>
         <run_address>0x60e6b</run_address>
         <size>0xb97</size>
         <input_file_ref idref="fl-4a"/>
      </object_component>
      <object_component id="oc-14c">
         <name>.debug_info</name>
         <load_address>0x61a02</load_address>
         <run_address>0x61a02</run_address>
         <size>0x64f</size>
         <input_file_ref idref="fl-4b"/>
      </object_component>
      <object_component id="oc-150">
         <name>.debug_info</name>
         <load_address>0x62051</load_address>
         <run_address>0x62051</run_address>
         <size>0x510</size>
         <input_file_ref idref="fl-4c"/>
      </object_component>
      <object_component id="oc-178">
         <name>.debug_info</name>
         <load_address>0x62561</load_address>
         <run_address>0x62561</run_address>
         <size>0x6e</size>
      </object_component>
      <object_component id="oc-15">
         <name>.debug_frame</name>
         <load_address>0x0</load_address>
         <run_address>0x0</run_address>
         <size>0x171</size>
         <input_file_ref idref="fl-2"/>
      </object_component>
      <object_component id="oc-1b">
         <name>.debug_frame</name>
         <load_address>0x171</load_address>
         <run_address>0x171</run_address>
         <size>0x121</size>
         <input_file_ref idref="fl-3"/>
      </object_component>
      <object_component id="oc-22">
         <name>.debug_frame</name>
         <load_address>0x292</load_address>
         <run_address>0x292</run_address>
         <size>0x16a</size>
         <input_file_ref idref="fl-4"/>
      </object_component>
      <object_component id="oc-27">
         <name>.debug_frame</name>
         <load_address>0x3fc</load_address>
         <run_address>0x3fc</run_address>
         <size>0x102</size>
         <input_file_ref idref="fl-5"/>
      </object_component>
      <object_component id="oc-2f">
         <name>.debug_frame</name>
         <load_address>0x4fe</load_address>
         <run_address>0x4fe</run_address>
         <size>0x130</size>
         <input_file_ref idref="fl-6"/>
      </object_component>
      <object_component id="oc-35">
         <name>.debug_frame</name>
         <load_address>0x62e</load_address>
         <run_address>0x62e</run_address>
         <size>0x13b</size>
         <input_file_ref idref="fl-7"/>
      </object_component>
      <object_component id="oc-3b">
         <name>.debug_frame</name>
         <load_address>0x769</load_address>
         <run_address>0x769</run_address>
         <size>0x159</size>
         <input_file_ref idref="fl-8"/>
      </object_component>
      <object_component id="oc-42">
         <name>.debug_frame</name>
         <load_address>0x8c2</load_address>
         <run_address>0x8c2</run_address>
         <size>0x102</size>
         <input_file_ref idref="fl-11"/>
      </object_component>
      <object_component id="oc-47">
         <name>.debug_frame</name>
         <load_address>0x9c4</load_address>
         <run_address>0x9c4</run_address>
         <size>0x13a</size>
         <input_file_ref idref="fl-12"/>
      </object_component>
      <object_component id="oc-4d">
         <name>.debug_frame</name>
         <load_address>0xafe</load_address>
         <run_address>0xafe</run_address>
         <size>0x171</size>
         <input_file_ref idref="fl-13"/>
      </object_component>
      <object_component id="oc-52">
         <name>.debug_frame</name>
         <load_address>0xc6f</load_address>
         <run_address>0xc6f</run_address>
         <size>0x138</size>
         <input_file_ref idref="fl-14"/>
      </object_component>
      <object_component id="oc-58">
         <name>.debug_frame</name>
         <load_address>0xda7</load_address>
         <run_address>0xda7</run_address>
         <size>0x138</size>
         <input_file_ref idref="fl-15"/>
      </object_component>
      <object_component id="oc-5d">
         <name>.debug_frame</name>
         <load_address>0xedf</load_address>
         <run_address>0xedf</run_address>
         <size>0x116</size>
         <input_file_ref idref="fl-16"/>
      </object_component>
      <object_component id="oc-67">
         <name>.debug_frame</name>
         <load_address>0xff5</load_address>
         <run_address>0xff5</run_address>
         <size>0x272</size>
         <input_file_ref idref="fl-18"/>
      </object_component>
      <object_component id="oc-71">
         <name>.debug_frame</name>
         <load_address>0x1267</load_address>
         <run_address>0x1267</run_address>
         <size>0x2a1</size>
         <input_file_ref idref="fl-1a"/>
      </object_component>
      <object_component id="oc-78">
         <name>.debug_frame</name>
         <load_address>0x1508</load_address>
         <run_address>0x1508</run_address>
         <size>0x197</size>
         <input_file_ref idref="fl-1b"/>
      </object_component>
      <object_component id="oc-7e">
         <name>.debug_frame</name>
         <load_address>0x169f</load_address>
         <run_address>0x169f</run_address>
         <size>0x1ef</size>
         <input_file_ref idref="fl-1c"/>
      </object_component>
      <object_component id="oc-83">
         <name>.debug_frame</name>
         <load_address>0x188e</load_address>
         <run_address>0x188e</run_address>
         <size>0x224</size>
         <input_file_ref idref="fl-1d"/>
      </object_component>
      <object_component id="oc-16">
         <name>.debug_line</name>
         <load_address>0x0</load_address>
         <run_address>0x0</run_address>
         <size>0xd0</size>
         <input_file_ref idref="fl-2"/>
      </object_component>
      <object_component id="oc-1c">
         <name>.debug_line</name>
         <load_address>0xd0</load_address>
         <run_address>0xd0</run_address>
         <size>0x253</size>
         <input_file_ref idref="fl-3"/>
      </object_component>
      <object_component id="oc-23">
         <name>.debug_line</name>
         <load_address>0x323</load_address>
         <run_address>0x323</run_address>
         <size>0x198</size>
         <input_file_ref idref="fl-4"/>
      </object_component>
      <object_component id="oc-28">
         <name>.debug_line</name>
         <load_address>0x4bb</load_address>
         <run_address>0x4bb</run_address>
         <size>0x6e</size>
         <input_file_ref idref="fl-5"/>
      </object_component>
      <object_component id="oc-30">
         <name>.debug_line</name>
         <load_address>0x529</load_address>
         <run_address>0x529</run_address>
         <size>0x146</size>
         <input_file_ref idref="fl-6"/>
      </object_component>
      <object_component id="oc-36">
         <name>.debug_line</name>
         <load_address>0x66f</load_address>
         <run_address>0x66f</run_address>
         <size>0x1d6</size>
         <input_file_ref idref="fl-7"/>
      </object_component>
      <object_component id="oc-3c">
         <name>.debug_line</name>
         <load_address>0x845</load_address>
         <run_address>0x845</run_address>
         <size>0xf3</size>
         <input_file_ref idref="fl-8"/>
      </object_component>
      <object_component id="oc-43">
         <name>.debug_line</name>
         <load_address>0x938</load_address>
         <run_address>0x938</run_address>
         <size>0x66e</size>
         <input_file_ref idref="fl-11"/>
      </object_component>
      <object_component id="oc-48">
         <name>.debug_line</name>
         <load_address>0xfa6</load_address>
         <run_address>0xfa6</run_address>
         <size>0x6ca</size>
         <input_file_ref idref="fl-12"/>
      </object_component>
      <object_component id="oc-4e">
         <name>.debug_line</name>
         <load_address>0x1670</load_address>
         <run_address>0x1670</run_address>
         <size>0x69c</size>
         <input_file_ref idref="fl-13"/>
      </object_component>
      <object_component id="oc-53">
         <name>.debug_line</name>
         <load_address>0x1d0c</load_address>
         <run_address>0x1d0c</run_address>
         <size>0x659</size>
         <input_file_ref idref="fl-14"/>
      </object_component>
      <object_component id="oc-59">
         <name>.debug_line</name>
         <load_address>0x2365</load_address>
         <run_address>0x2365</run_address>
         <size>0x653</size>
         <input_file_ref idref="fl-15"/>
      </object_component>
      <object_component id="oc-5e">
         <name>.debug_line</name>
         <load_address>0x29b8</load_address>
         <run_address>0x29b8</run_address>
         <size>0x59c</size>
         <input_file_ref idref="fl-16"/>
      </object_component>
      <object_component id="oc-63">
         <name>.debug_line</name>
         <load_address>0x2f54</load_address>
         <run_address>0x2f54</run_address>
         <size>0xa8</size>
         <input_file_ref idref="fl-17"/>
      </object_component>
      <object_component id="oc-68">
         <name>.debug_line</name>
         <load_address>0x2ffc</load_address>
         <run_address>0x2ffc</run_address>
         <size>0x94b</size>
         <input_file_ref idref="fl-18"/>
      </object_component>
      <object_component id="oc-6c">
         <name>.debug_line</name>
         <load_address>0x3947</load_address>
         <run_address>0x3947</run_address>
         <size>0xab</size>
         <input_file_ref idref="fl-19"/>
      </object_component>
      <object_component id="oc-72">
         <name>.debug_line</name>
         <load_address>0x39f2</load_address>
         <run_address>0x39f2</run_address>
         <size>0x83c</size>
         <input_file_ref idref="fl-1a"/>
      </object_component>
      <object_component id="oc-79">
         <name>.debug_line</name>
         <load_address>0x422e</load_address>
         <run_address>0x422e</run_address>
         <size>0x94c</size>
         <input_file_ref idref="fl-1b"/>
      </object_component>
      <object_component id="oc-7f">
         <name>.debug_line</name>
         <load_address>0x4b7a</load_address>
         <run_address>0x4b7a</run_address>
         <size>0x96d</size>
         <input_file_ref idref="fl-1c"/>
      </object_component>
      <object_component id="oc-84">
         <name>.debug_line</name>
         <load_address>0x54e7</load_address>
         <run_address>0x54e7</run_address>
         <size>0x7c8</size>
         <input_file_ref idref="fl-1d"/>
      </object_component>
      <object_component id="oc-88">
         <name>.debug_line</name>
         <load_address>0x5caf</load_address>
         <run_address>0x5caf</run_address>
         <size>0x5c</size>
         <input_file_ref idref="fl-1e"/>
      </object_component>
      <object_component id="oc-8c">
         <name>.debug_line</name>
         <load_address>0x5d0b</load_address>
         <run_address>0x5d0b</run_address>
         <size>0x54</size>
         <input_file_ref idref="fl-1f"/>
      </object_component>
      <object_component id="oc-90">
         <name>.debug_line</name>
         <load_address>0x5d5f</load_address>
         <run_address>0x5d5f</run_address>
         <size>0x44</size>
         <input_file_ref idref="fl-20"/>
      </object_component>
      <object_component id="oc-97">
         <name>.debug_line</name>
         <load_address>0x5da3</load_address>
         <run_address>0x5da3</run_address>
         <size>0x51</size>
         <input_file_ref idref="fl-21"/>
      </object_component>
      <object_component id="oc-9b">
         <name>.debug_line</name>
         <load_address>0x5df4</load_address>
         <run_address>0x5df4</run_address>
         <size>0x3d</size>
         <input_file_ref idref="fl-22"/>
      </object_component>
      <object_component id="oc-9f">
         <name>.debug_line</name>
         <load_address>0x5e31</load_address>
         <run_address>0x5e31</run_address>
         <size>0x3d</size>
         <input_file_ref idref="fl-23"/>
      </object_component>
      <object_component id="oc-a3">
         <name>.debug_line</name>
         <load_address>0x5e6e</load_address>
         <run_address>0x5e6e</run_address>
         <size>0x5c</size>
         <input_file_ref idref="fl-24"/>
      </object_component>
      <object_component id="oc-a7">
         <name>.debug_line</name>
         <load_address>0x5eca</load_address>
         <run_address>0x5eca</run_address>
         <size>0x3c</size>
         <input_file_ref idref="fl-25"/>
      </object_component>
      <object_component id="oc-ab">
         <name>.debug_line</name>
         <load_address>0x5f06</load_address>
         <run_address>0x5f06</run_address>
         <size>0x3c</size>
         <input_file_ref idref="fl-26"/>
      </object_component>
      <object_component id="oc-af">
         <name>.debug_line</name>
         <load_address>0x5f42</load_address>
         <run_address>0x5f42</run_address>
         <size>0x37</size>
         <input_file_ref idref="fl-27"/>
      </object_component>
      <object_component id="oc-b3">
         <name>.debug_line</name>
         <load_address>0x5f79</load_address>
         <run_address>0x5f79</run_address>
         <size>0x69</size>
         <input_file_ref idref="fl-28"/>
      </object_component>
      <object_component id="oc-b7">
         <name>.debug_line</name>
         <load_address>0x5fe2</load_address>
         <run_address>0x5fe2</run_address>
         <size>0x44</size>
         <input_file_ref idref="fl-29"/>
      </object_component>
      <object_component id="oc-bb">
         <name>.debug_line</name>
         <load_address>0x6026</load_address>
         <run_address>0x6026</run_address>
         <size>0x37</size>
         <input_file_ref idref="fl-2a"/>
      </object_component>
      <object_component id="oc-c1">
         <name>.debug_line</name>
         <load_address>0x605d</load_address>
         <run_address>0x605d</run_address>
         <size>0x57</size>
         <input_file_ref idref="fl-2b"/>
      </object_component>
      <object_component id="oc-c7">
         <name>.debug_line</name>
         <load_address>0x60b4</load_address>
         <run_address>0x60b4</run_address>
         <size>0x328</size>
         <input_file_ref idref="fl-2c"/>
      </object_component>
      <object_component id="oc-cb">
         <name>.debug_line</name>
         <load_address>0x63dc</load_address>
         <run_address>0x63dc</run_address>
         <size>0x41</size>
         <input_file_ref idref="fl-2d"/>
      </object_component>
      <object_component id="oc-cf">
         <name>.debug_line</name>
         <load_address>0x641d</load_address>
         <run_address>0x641d</run_address>
         <size>0x46</size>
         <input_file_ref idref="fl-2e"/>
      </object_component>
      <object_component id="oc-d3">
         <name>.debug_line</name>
         <load_address>0x6463</load_address>
         <run_address>0x6463</run_address>
         <size>0x55</size>
         <input_file_ref idref="fl-2f"/>
      </object_component>
      <object_component id="oc-d7">
         <name>.debug_line</name>
         <load_address>0x64b8</load_address>
         <run_address>0x64b8</run_address>
         <size>0xad</size>
         <input_file_ref idref="fl-30"/>
      </object_component>
      <object_component id="oc-e1">
         <name>.debug_line</name>
         <load_address>0x6565</load_address>
         <run_address>0x6565</run_address>
         <size>0x5b</size>
         <input_file_ref idref="fl-33"/>
      </object_component>
      <object_component id="oc-e6">
         <name>.debug_line</name>
         <load_address>0x65c0</load_address>
         <run_address>0x65c0</run_address>
         <size>0x44</size>
         <input_file_ref idref="fl-34"/>
      </object_component>
      <object_component id="oc-ea">
         <name>.debug_line</name>
         <load_address>0x6604</load_address>
         <run_address>0x6604</run_address>
         <size>0x56</size>
         <input_file_ref idref="fl-35"/>
      </object_component>
      <object_component id="oc-ef">
         <name>.debug_line</name>
         <load_address>0x665a</load_address>
         <run_address>0x665a</run_address>
         <size>0xa8</size>
         <input_file_ref idref="fl-36"/>
      </object_component>
      <object_component id="oc-f3">
         <name>.debug_line</name>
         <load_address>0x6702</load_address>
         <run_address>0x6702</run_address>
         <size>0x3a</size>
         <input_file_ref idref="fl-37"/>
      </object_component>
      <object_component id="oc-f7">
         <name>.debug_line</name>
         <load_address>0x673c</load_address>
         <run_address>0x673c</run_address>
         <size>0x40</size>
         <input_file_ref idref="fl-38"/>
      </object_component>
      <object_component id="oc-fb">
         <name>.debug_line</name>
         <load_address>0x677c</load_address>
         <run_address>0x677c</run_address>
         <size>0x38</size>
         <input_file_ref idref="fl-39"/>
      </object_component>
      <object_component id="oc-ff">
         <name>.debug_line</name>
         <load_address>0x67b4</load_address>
         <run_address>0x67b4</run_address>
         <size>0xa8</size>
         <input_file_ref idref="fl-3a"/>
      </object_component>
      <object_component id="oc-105">
         <name>.debug_line</name>
         <load_address>0x685c</load_address>
         <run_address>0x685c</run_address>
         <size>0x1b0</size>
         <input_file_ref idref="fl-3b"/>
      </object_component>
      <object_component id="oc-109">
         <name>.debug_line</name>
         <load_address>0x6a0c</load_address>
         <run_address>0x6a0c</run_address>
         <size>0x40</size>
         <input_file_ref idref="fl-3c"/>
      </object_component>
      <object_component id="oc-10d">
         <name>.debug_line</name>
         <load_address>0x6a4c</load_address>
         <run_address>0x6a4c</run_address>
         <size>0x3c</size>
         <input_file_ref idref="fl-3d"/>
      </object_component>
      <object_component id="oc-111">
         <name>.debug_line</name>
         <load_address>0x6a88</load_address>
         <run_address>0x6a88</run_address>
         <size>0x4d</size>
         <input_file_ref idref="fl-3e"/>
      </object_component>
      <object_component id="oc-115">
         <name>.debug_line</name>
         <load_address>0x6ad5</load_address>
         <run_address>0x6ad5</run_address>
         <size>0x3c</size>
         <input_file_ref idref="fl-3f"/>
      </object_component>
      <object_component id="oc-119">
         <name>.debug_line</name>
         <load_address>0x6b11</load_address>
         <run_address>0x6b11</run_address>
         <size>0x37</size>
         <input_file_ref idref="fl-40"/>
      </object_component>
      <object_component id="oc-11e">
         <name>.debug_line</name>
         <load_address>0x6b48</load_address>
         <run_address>0x6b48</run_address>
         <size>0x15d</size>
         <input_file_ref idref="fl-41"/>
      </object_component>
      <object_component id="oc-124">
         <name>.debug_line</name>
         <load_address>0x6ca5</load_address>
         <run_address>0x6ca5</run_address>
         <size>0x6a</size>
         <input_file_ref idref="fl-42"/>
      </object_component>
      <object_component id="oc-128">
         <name>.debug_line</name>
         <load_address>0x6d0f</load_address>
         <run_address>0x6d0f</run_address>
         <size>0x58</size>
         <input_file_ref idref="fl-43"/>
      </object_component>
      <object_component id="oc-12c">
         <name>.debug_line</name>
         <load_address>0x6d67</load_address>
         <run_address>0x6d67</run_address>
         <size>0x57</size>
         <input_file_ref idref="fl-44"/>
      </object_component>
      <object_component id="oc-130">
         <name>.debug_line</name>
         <load_address>0x6dbe</load_address>
         <run_address>0x6dbe</run_address>
         <size>0x3c</size>
         <input_file_ref idref="fl-45"/>
      </object_component>
      <object_component id="oc-134">
         <name>.debug_line</name>
         <load_address>0x6dfa</load_address>
         <run_address>0x6dfa</run_address>
         <size>0x5b</size>
         <input_file_ref idref="fl-46"/>
      </object_component>
      <object_component id="oc-138">
         <name>.debug_line</name>
         <load_address>0x6e55</load_address>
         <run_address>0x6e55</run_address>
         <size>0x3c</size>
         <input_file_ref idref="fl-47"/>
      </object_component>
      <object_component id="oc-13c">
         <name>.debug_line</name>
         <load_address>0x6e91</load_address>
         <run_address>0x6e91</run_address>
         <size>0x3f</size>
         <input_file_ref idref="fl-48"/>
      </object_component>
      <object_component id="oc-142">
         <name>.debug_line</name>
         <load_address>0x6ed0</load_address>
         <run_address>0x6ed0</run_address>
         <size>0xd7</size>
         <input_file_ref idref="fl-49"/>
      </object_component>
      <object_component id="oc-149">
         <name>.debug_line</name>
         <load_address>0x6fa7</load_address>
         <run_address>0x6fa7</run_address>
         <size>0x112</size>
         <input_file_ref idref="fl-4a"/>
[...]
      <symbol id="sm-42d">
         <name>_I2C_write</name>
         <value>0x21a82</value>
         <object_component_ref idref="oc-7b"/>
      </symbol>
      <symbol id="sm-42e">
         <name>_I2C_read</name>
         <value>0x21cc6</value>
         <object_component_ref idref="oc-7b"/>
      </symbol>
      <symbol id="sm-42f">
         <name>_I2C_eventDisable</name>
         <value>0x22018</value>
         <object_component_ref idref="oc-7b"/>
      </symbol>
      <symbol id="sm-430">
         <name>_I2C_getEventId</name>
         <value>0x221c4</value>
         <object_component_ref idref="oc-7b"/>
      </symbol>
      <symbol id="sm-431">
         <name>_i2cHandle</name>
         <value>0x64a4</value>
         <object_component_ref idref="oc-7c"/>
      </symbol>
      <symbol id="sm-476">
         <name>_GPIO_write</name>
         <value>0x238e3</value>
         <object_component_ref idref="oc-81"/>
      </symbol>
      <symbol id="sm-477">
         <name>_GPIO_read</name>
         <value>0x23860</value>
         <object_component_ref idref="oc-81"/>
      </symbol>
      <symbol id="sm-478">
         <name>_GPIO_close</name>
         <value>0x2372f</value>
         <object_component_ref idref="oc-81"/>
      </symbol>
      <symbol id="sm-479">
         <name>_GPIO_enableInt</name>
         <value>0x23b4c</value>
         <object_component_ref idref="oc-81"/>
      </symbol>
      <symbol id="sm-47a">
         <name>_GPIO_clearInt</name>
         <value>0x23bd6</value>
         <object_component_ref idref="oc-81"/>
      </symbol>
      <symbol id="sm-47b">
         <name>_GPIO_statusBit</name>
         <value>0x23c62</value>
         <object_component_ref idref="oc-81"/>
      </symbol>
      <symbol id="sm-47c">
         <name>_GPIO_configBit</name>
         <value>0x23986</value>
         <object_component_ref idref="oc-81"/>
      </symbol>
      <symbol id="sm-47d">
         <name>_GPIO_reset</name>
         <value>0x23ce9</value>
         <object_component_ref idref="oc-81"/>
      </symbol>
      <symbol id="sm-47e">
         <name>_GPIO_getConfig</name>
         <value>0x237d8</value>
         <object_component_ref idref="oc-81"/>
      </symbol>
      <symbol id="sm-47f">
         <name>_GPIO_disableInt</name>
         <value>0x23ace</value>
         <object_component_ref idref="oc-81"/>
      </symbol>
      <symbol id="sm-480">
         <name>_GPIO_config</name>
         <value>0x23753</value>
         <object_component_ref idref="oc-81"/>
      </symbol>
      <symbol id="sm-481">
         <name>_GPIO_open</name>
         <value>0x236eb</value>
         <object_component_ref idref="oc-81"/>
      </symbol>
      <symbol id="sm-48b">
         <name>__addd</name>
         <value>0x2699a</value>
         <object_component_ref idref="oc-86"/>
      </symbol>
      <symbol id="sm-497">
         <name>__sysstack</name>
         <value>0x20c0</value>
         <object_component_ref idref="oc-153"/>
      </symbol>
      <symbol id="sm-498">
         <name>_c_int00</name>
         <value>0x2871e</value>
         <object_component_ref idref="oc-10"/>
      </symbol>
      <symbol id="sm-499">
         <name>__stack</name>
         <value>0xc0</value>
         <object_component_ref idref="oc-8a"/>
      </symbol>
      <symbol id="sm-4a4">
         <name>__divul</name>
         <value>0x27d8a</value>
         <object_component_ref idref="oc-8e"/>
      </symbol>
      <symbol id="sm-4b4">
         <name>C$$EXIT</name>
         <value>0x28837</value>
         <object_component_ref idref="oc-96"/>
      </symbol>
      <symbol id="sm-4b5">
         <name>_exit</name>
         <value>0x286a4</value>
         <object_component_ref idref="oc-92"/>
      </symbol>
      <symbol id="sm-4b6">
         <name>_abort</name>
         <value>0x28836</value>
         <object_component_ref idref="oc-96"/>
      </symbol>
      <symbol id="sm-4b7">
         <name>__cleanup_ptr</name>
         <value>0x64d4</value>
         <object_component_ref idref="oc-93"/>
      </symbol>
      <symbol id="sm-4b8">
         <name>__dtors_ptr</name>
         <value>0x64d8</value>
         <object_component_ref idref="oc-93"/>
      </symbol>
      <symbol id="sm-4c2">
         <name>__fixdi</name>
         <value>0x28752</value>
         <object_component_ref idref="oc-99"/>
      </symbol>
      <symbol id="sm-4cc">
         <name>__fixdli</name>
         <value>0x2821f</value>
         <object_component_ref idref="oc-9d"/>
      </symbol>
      <symbol id="sm-4d4">
         <name>__remi</name>
         <value>0x28701</value>
         <object_component_ref idref="oc-a1"/>
      </symbol>
      <symbol id="sm-4d5">
         <name>__divi</name>
         <value>0x286e2</value>
         <object_component_ref idref="oc-a1"/>
      </symbol>
      <symbol id="sm-4d6">
         <name>I$$MOD</name>
         <value>0x28701</value>
         <object_component_ref idref="oc-a1"/>
      </symbol>
      <symbol id="sm-4d7">
         <name>I$$DIV</name>
         <value>0x286e2</value>
         <object_component_ref idref="oc-a1"/>
      </symbol>
      <symbol id="sm-4df">
         <name>__mpyli</name>
         <value>0x287f7</value>
         <object_component_ref idref="oc-a5"/>
      </symbol>
      <symbol id="sm-4e0">
         <name>I$$LMPY</name>
         <value>0x287f7</value>
         <object_component_ref idref="oc-a5"/>
      </symbol>
      <symbol id="sm-4ea">
         <name>__mpyd</name>
         <value>0x274a3</value>
         <object_component_ref idref="oc-a9"/>
      </symbol>
      <symbol id="sm-4f4">
         <name>__negd</name>
         <value>0x2881c</value>
         <object_component_ref idref="oc-ad"/>
      </symbol>
      <symbol id="sm-4fe">
         <name>_printf</name>
         <value>0x284ea</value>
         <object_component_ref idref="oc-b1"/>
      </symbol>
      <symbol id="sm-509">
         <name>__remul</name>
         <value>0x281ad</value>
         <object_component_ref idref="oc-b5"/>
      </symbol>
      <symbol id="sm-513">
         <name>_Reset</name>
         <value>0x4ff00</value>
         <object_component_ref idref="oc-11"/>
      </symbol>
      <symbol id="sm-521">
         <name>__unlock</name>
         <value>0x64d0</value>
         <object_component_ref idref="oc-be"/>
      </symbol>
      <symbol id="sm-522">
         <name>__lock</name>
         <value>0x64cc</value>
         <object_component_ref idref="oc-be"/>
      </symbol>
      <symbol id="sm-523">
         <name>__register_lock</name>
         <value>0x28812</value>
         <object_component_ref idref="oc-bd"/>
      </symbol>
      <symbol id="sm-524">
         <name>__nop</name>
         <value>0x2881a</value>
         <object_component_ref idref="oc-bd"/>
      </symbol>
      <symbol id="sm-525">
         <name>__register_unlock</name>
         <value>0x2880a</value>
         <object_component_ref idref="oc-bd"/>
      </symbol>
      <symbol id="sm-537">
         <name>__printfi</name>
         <value>0x21362</value>
         <object_component_ref idref="oc-c3"/>
      </symbol>
      <symbol id="sm-541">
         <name>__args_main</name>
         <value>0x28587</value>
         <object_component_ref idref="oc-c9"/>
      </symbol>
      <symbol id="sm-542">
         <name>__TI_args_main</name>
         <value>0x1</value>
      </symbol>
      <symbol id="sm-54c">
         <name>_atoi</name>
         <value>0x2843a</value>
         <object_component_ref idref="oc-cd"/>
      </symbol>
      <symbol id="sm-554">
         <name>_auto_init</name>
         <value>0x2853a</value>
         <object_component_ref idref="oc-d1"/>
      </symbol>
      <symbol id="sm-55e">
         <name>__eqld</name>
         <value>0x26fa8</value>
         <object_component_ref idref="oc-d5"/>
      </symbol>
      <symbol id="sm-55f">
         <name>__cmpd</name>
         <value>0x26fdc</value>
         <object_component_ref idref="oc-d5"/>
      </symbol>
      <symbol id="sm-560">
         <name>__neqd</name>
         <value>0x26e4a</value>
         <object_component_ref idref="oc-d5"/>
      </symbol>
      <symbol id="sm-561">
         <name>__gtrd</name>
         <value>0x26f13</value>
         <object_component_ref idref="oc-d5"/>
      </symbol>
      <symbol id="sm-562">
         <name>__geqd</name>
         <value>0x26f5e</value>
         <object_component_ref idref="oc-d5"/>
      </symbol>
      <symbol id="sm-563">
         <name>__leqd</name>
         <value>0x26ec6</value>
         <object_component_ref idref="oc-d5"/>
      </symbol>
      <symbol id="sm-564">
         <name>__lssd</name>
         <value>0x26e7e</value>
         <object_component_ref idref="oc-d5"/>
      </symbol>
      <symbol id="sm-56c">
         <name>__ctypes_</name>
         <value>0x67cc</value>
         <object_component_ref idref="oc-156"/>
      </symbol>
      <symbol id="sm-576">
         <name>__tmpnams</name>
         <value>0x5f60</value>
         <object_component_ref idref="oc-db"/>
      </symbol>
      <symbol id="sm-577">
         <name>__ft_end</name>
         <value>0x60a0</value>
         <object_component_ref idref="oc-db"/>
      </symbol>
      <symbol id="sm-578">
         <name>__ftable</name>
         <value>0x5e70</value>
         <object_component_ref idref="oc-db"/>
      </symbol>
      <symbol id="sm-584">
         <name>__divd</name>
         <value>0x257a1</value>
         <object_component_ref idref="oc-df"/>
      </symbol>
      <symbol id="sm-590">
         <name>__fltlid</name>
         <value>0x283d3</value>
         <object_component_ref idref="oc-e3"/>
      </symbol>
      <symbol id="sm-59a">
         <name>_putchar</name>
         <value>0x27d7b</value>
         <object_component_ref idref="oc-e8"/>
      </symbol>
      <symbol id="sm-59b">
         <name>_putc</name>
         <value>0x27ce4</value>
         <object_component_ref idref="oc-e8"/>
      </symbol>
      <symbol id="sm-59c">
         <name>_fputc</name>
         <value>0x27ce4</value>
         <object_component_ref idref="oc-e8"/>
      </symbol>
      <symbol id="sm-5aa">
         <name>_puts</name>
         <value>0x27475</value>
         <object_component_ref idref="oc-ec"/>
      </symbol>
      <symbol id="sm-5ab">
         <name>_fputs</name>
         <value>0x27340</value>
         <object_component_ref idref="oc-ec"/>
      </symbol>
      <symbol id="sm-5b5">
         <name>__frcmpyd</name>
         <value>0x280c4</value>
         <object_component_ref idref="oc-f1"/>
      </symbol>
      <symbol id="sm-5bf">
         <name>__frcmpyd_div</name>
         <value>0x2813a</value>
         <object_component_ref idref="oc-f5"/>
      </symbol>
      <symbol id="sm-5c9">
         <name>___isinf</name>
         <value>0x287c9</value>
         <object_component_ref idref="oc-f9"/>
      </symbol>
      <symbol id="sm-5d3">
         <name>__divull</name>
         <value>0x26871</value>
         <object_component_ref idref="oc-fd"/>
      </symbol>
      <symbol id="sm-5d4">
         <name>__mpylli</name>
         <value>0x267b9</value>
         <object_component_ref idref="oc-fd"/>
      </symbol>
      <symbol id="sm-5d5">
         <name>__remlli</name>
         <value>0x2678a</value>
         <object_component_ref idref="oc-fd"/>
      </symbol>
      <symbol id="sm-5d6">
         <name>__divlli</name>
         <value>0x26965</value>
         <object_component_ref idref="oc-fd"/>
      </symbol>
      <symbol id="sm-5d7">
         <name>__remull</name>
         <value>0x2673c</value>
         <object_component_ref idref="oc-fd"/>
      </symbol>
      <symbol id="sm-5e9">
         <name>_add_device</name>
         <value>0x24cd4</value>
         <object_component_ref idref="oc-101"/>
      </symbol>
      <symbol id="sm-5ea">
         <name>_rename</name>
         <value>0x249f6</value>
         <object_component_ref idref="oc-101"/>
      </symbol>
      <symbol id="sm-5eb">
         <name>_read</name>
         <value>0x24a85</value>
         <object_component_ref idref="oc-101"/>
      </symbol>
      <symbol id="sm-5ec">
         <name>_unlink</name>
         <value>0x249c3</value>
         <object_component_ref idref="oc-101"/>
      </symbol>
      <symbol id="sm-5ed">
         <name>_remove_device</name>
         <value>0x24a4f</value>
         <object_component_ref idref="oc-101"/>
      </symbol>
      <symbol id="sm-5ee">
         <name>_open</name>
         <value>0x24b33</value>
         <object_component_ref idref="oc-101"/>
      </symbol>
      <symbol id="sm-5ef">
         <name>_find_registered_device</name>
         <value>0x24c58</value>
         <object_component_ref idref="oc-101"/>
      </symbol>
      <symbol id="sm-5f0">
         <name>_lseek</name>
         <value>0x24bf2</value>
         <object_component_ref idref="oc-101"/>
      </symbol>
      <symbol id="sm-5f1">
         <name>_close</name>
         <value>0x24c61</value>
         <object_component_ref idref="oc-101"/>
      </symbol>
      <symbol id="sm-5f2">
         <name>_write</name>
         <value>0x24881</value>
         <object_component_ref idref="oc-101"/>
      </symbol>
      <symbol id="sm-5fc">
         <name>_ltoa</name>
         <value>0x27fcc</value>
         <object_component_ref idref="oc-107"/>
      </symbol>
      <symbol id="sm-607">
         <name>_memccpy</name>
         <value>0x287a6</value>
         <object_component_ref idref="oc-10b"/>
      </symbol>
      <symbol id="sm-60f">
         <name>_memcpy</name>
         <value>0x28665</value>
         <object_component_ref idref="oc-10f"/>
      </symbol>
      <symbol id="sm-619">
         <name>__remli</name>
         <value>0x285d2</value>
         <object_component_ref idref="oc-113"/>
      </symbol>
      <symbol id="sm-623">
         <name>__subd</name>
         <value>0x287e3</value>
         <object_component_ref idref="oc-117"/>
      </symbol>
      <symbol id="sm-62f">
         <name>_HOSTopen</name>
         <value>0x250cf</value>
         <object_component_ref idref="oc-11b"/>
      </symbol>
      <symbol id="sm-630">
         <name>_HOSTread</name>
         <value>0x25042</value>
         <object_component_ref idref="oc-11b"/>
      </symbol>
      <symbol id="sm-631">
         <name>_HOSTtime</name>
         <value>0x24f36</value>
         <object_component_ref idref="oc-11b"/>
      </symbol>
      <symbol id="sm-632">
         <name>_getenv</name>
         <value>0x24dc4</value>
         <object_component_ref idref="oc-11b"/>
      </symbol>
      <symbol id="sm-633">
         <name>_HOSTrename</name>
         <value>0x24f94</value>
         <object_component_ref idref="oc-11b"/>
      </symbol>
      <symbol id="sm-634">
         <name>_HOSTclock</name>
         <value>0x2528e</value>
         <object_component_ref idref="oc-11b"/>
      </symbol>
      <symbol id="sm-635">
         <name>_HOSTwrite</name>
         <value>0x24e3f</value>
         <object_component_ref idref="oc-11b"/>
      </symbol>
      <symbol id="sm-636">
         <name>_HOSTlseek</name>
         <value>0x2516e</value>
         <object_component_ref idref="oc-11b"/>
      </symbol>
      <symbol id="sm-637">
         <name>_HOSTunlink</name>
         <value>0x24ecc</value>
         <object_component_ref idref="oc-11b"/>
      </symbol>
      <symbol id="sm-638">
         <name>_HOSTclose</name>
         <value>0x25223</value>
         <object_component_ref idref="oc-11b"/>
      </symbol>
      <symbol id="sm-64a">
         <name>C$$IO$$</name>
         <value>0x27cdf</value>
         <object_component_ref idref="oc-123"/>
      </symbol>
      <symbol id="sm-64b">
         <name>__CIOBUF_</name>
         <value>0x40000</value>
         <object_component_ref idref="oc-122"/>
      </symbol>
      <symbol id="sm-64c">
         <name>_readmsg</name>
         <value>0x282fb</value>
         <object_component_ref idref="oc-120"/>
      </symbol>
      <symbol id="sm-64d">
         <name>_writemsg</name>
         <value>0x27c2a</value>
         <object_component_ref idref="oc-123"/>
      </symbol>
      <symbol id="sm-655">
         <name>__remu</name>
         <value>0x28791</value>
         <object_component_ref idref="oc-126"/>
      </symbol>
      <symbol id="sm-656">
         <name>__divu</name>
         <value>0x2877c</value>
         <object_component_ref idref="oc-126"/>
      </symbol>
      <symbol id="sm-657">
         <name>I$$UMOD</name>
         <value>0x28791</value>
         <object_component_ref idref="oc-126"/>
      </symbol>
      <symbol id="sm-658">
         <name>I$$UDIV</name>
         <value>0x2877c</value>
         <object_component_ref idref="oc-126"/>
      </symbol>
      <symbol id="sm-662">
         <name>__rd_ok</name>
         <value>0x2797c</value>
         <object_component_ref idref="oc-12a"/>
      </symbol>
      <symbol id="sm-663">
         <name>__wrt_ok</name>
         <value>0x278fc</value>
         <object_component_ref idref="oc-12a"/>
      </symbol>
      <symbol id="sm-66d">
         <name>__divli</name>
         <value>0x2861d</value>
         <object_component_ref idref="oc-12e"/>
      </symbol>
      <symbol id="sm-677">
         <name>__doflush</name>
         <value>0x27b68</value>
         <object_component_ref idref="oc-132"/>
      </symbol>
      <symbol id="sm-678">
         <name>_fflush</name>
         <value>0x27bd1</value>
         <object_component_ref idref="oc-132"/>
      </symbol>
      <symbol id="sm-682">
         <name>_fseek</name>
         <value>0x28368</value>
         <object_component_ref idref="oc-136"/>
      </symbol>
      <symbol id="sm-68c">
         <name>_setvbuf</name>
         <value>0x27816</value>
         <object_component_ref idref="oc-13a"/>
      </symbol>
      <symbol id="sm-69b">
         <name>__cleanup</name>
         <value>0x265de</value>
         <object_component_ref idref="oc-13e"/>
      </symbol>
      <symbol id="sm-69c">
         <name>_fopen</name>
         <value>0x26701</value>
         <object_component_ref idref="oc-13e"/>
      </symbol>
      <symbol id="sm-69d">
         <name>_freopen</name>
         <value>0x26638</value>
         <object_component_ref idref="oc-13e"/>
      </symbol>
      <symbol id="sm-6ad">
         <name>__sys_memory</name>
         <value>0x30c0</value>
         <object_component_ref idref="oc-148"/>
      </symbol>
      <symbol id="sm-6ae">
         <name>_chkheap</name>
         <value>0x25773</value>
         <object_component_ref idref="oc-144"/>
      </symbol>
      <symbol id="sm-6af">
         <name>_realloc</name>
         <value>0x25512</value>
         <object_component_ref idref="oc-144"/>
      </symbol>
      <symbol id="sm-6b0">
         <name>_free_memory</name>
         <value>0x2571d</value>
         <object_component_ref idref="oc-144"/>
      </symbol>
      <symbol id="sm-6b1">
         <name>_max_free</name>
         <value>0x256c3</value>
         <object_component_ref idref="oc-144"/>
      </symbol>
      <symbol id="sm-6b2">
         <name>_free</name>
         <value>0x252ec</value>
         <object_component_ref idref="oc-144"/>
      </symbol>
      <symbol id="sm-6b3">
         <name>_calloc</name>
         <value>0x2577b</value>
         <object_component_ref idref="oc-144"/>
      </symbol>
      <symbol id="sm-6b4">
         <name>_malloc</name>
         <value>0x2541d</value>
         <object_component_ref idref="oc-144"/>
      </symbol>
      <symbol id="sm-6b5">
         <name>_minit</name>
         <value>0x253b8</value>
         <object_component_ref idref="oc-144"/>
      </symbol>
      <symbol id="sm-6bf">
         <name>_fclose</name>
         <value>0x28049</value>
         <object_component_ref idref="oc-14b"/>
      </symbol>
      <symbol id="sm-6c9">
         <name>_remove</name>
         <value>0x2882c</value>
         <object_component_ref idref="oc-14f"/>
      </symbol>
   </symbol_table>
</link_info>
